Jan  2 21:37:46 srv20115 kernel: [    0.000000] Linux version 4.15.0-122-generic (buildd@lgw01-amd64-036) (gcc version 7.5.0 (Ubuntu 7.5.0-3ubuntu1~18.04)) #124-Ubuntu SMP Thu Oct 15 13:03:05 UTC 2020 (Ubuntu 4.15.0-122.124-generic 4.15.18)
Jan  2 21:37:46 srv20115 kernel: [    0.000000] Command line: BOOT_IMAGE=/vmlinuz-4.15.0-122-generic root=UUID=18fe1c95-6a89-4b51-9731-24fe060cb64a ro quiet
Jan  2 21:37:46 srv20115 kernel: [    0.000000] KERNEL supported cpus:
Jan  2 21:37:46 srv20115 kernel: [    0.000000]   Intel GenuineIntel
Jan  2 21:37:46 srv20115 kernel: [    0.000000]   AMD AuthenticAMD
Jan  2 21:37:46 srv20115 kernel: [    0.000000]   Centaur CentaurHauls
Jan  2 21:37:46 srv20115 kernel: [    0.000000] x86/fpu: Supporting XSAVE feature 0x001: 'x87 floating point registers'
Jan  2 21:37:46 srv20115 kernel: [    0.000000] x86/fpu: Supporting XSAVE feature 0x002: 'SSE registers'
Jan  2 21:37:46 srv20115 kernel: [    0.000000] x86/fpu: Supporting XSAVE feature 0x004: 'AVX registers'
Jan  2 21:37:46 srv20115 kernel: [    0.000000] x86/fpu: xstate_offset[2]:  576, xstate_sizes[2]:  256
Jan  2 21:37:46 srv20115 kernel: [    0.000000] x86/fpu: Enabled xstate features 0x7, context size is 832 bytes, using 'compacted' format.
Jan  2 21:37:46 srv20115 kernel: [    0.000000] e820: BIOS-provided physical RAM map:
Jan  2 21:37:46 srv20115 kernel: [    0.000000] BIOS-e820: [mem 0x0000000000000000-0x000000000009ebff] usable
Jan  2 21:37:46 srv20115 kernel: [    0.000000] BIOS-e820: [mem 0x000000000009ec00-0x000000000009ffff] reserved
Jan  2 21:37:46 srv20115 kernel: [    0.000000] BIOS-e820: [mem 0x00000000000e0000-0x00000000000fffff] reserved
Jan  2 21:37:46 srv20115 kernel: [    0.000000] BIOS-e820: [mem 0x0000000000100000-0x0000000009e0ffff] usable
Jan  2 21:37:46 srv20115 kernel: [    0.000000] BIOS-e820: [mem 0x0000000009e10000-0x0000000009ffffff] reserved
Jan  2 21:37:46 srv20115 kernel: [    0.000000] BIOS-e820: [mem 0x000000000a000000-0x000000000a1fffff] usable
Jan  2 21:37:46 srv20115 kernel: [    0.000000] BIOS-e820: [mem 0x000000000a200000-0x000000000a20efff] ACPI NVS
Jan  2 21:37:46 srv20115 kernel: [    0.000000] BIOS-e820: [mem 0x000000000a20f000-0x000000000affffff] usable
Jan  2 21:37:46 srv20115 kernel: [    0.000000] BIOS-e820: [mem 0x000000000b000000-0x000000000b01ffff] reserved
Jan  2 21:37:46 srv20115 kernel: [    0.000000] BIOS-e820: [mem 0x000000000b020000-0x00000000d167dfff] usable
Jan  2 21:37:46 srv20115 kernel: [    0.000000] BIOS-e820: [mem 0x00000000d167e000-0x00000000d169dfff] ACPI data
Jan  2 21:37:46 srv20115 kernel: [    0.000000] BIOS-e820: [mem 0x00000000d169e000-0x00000000da5eafff] usable
Jan  2 21:37:46 srv20115 kernel: [    0.000000] BIOS-e820: [mem 0x00000000da5eb000-0x00000000da755fff] reserved
Jan  2 21:37:46 srv20115 kernel: [    0.000000] BIOS-e820: [mem 0x00000000da756000-0x00000000da765fff] ACPI data
Jan  2 21:37:46 srv20115 kernel: [    0.000000] BIOS-e820: [mem 0x00000000da766000-0x00000000da86efff] usable
Jan  2 21:37:46 srv20115 kernel: [    0.000000] BIOS-e820: [mem 0x00000000da86f000-0x00000000dac31fff] ACPI NVS
Jan  2 21:37:46 srv20115 kernel: [    0.000000] BIOS-e820: [mem 0x00000000dac32000-0x00000000db788fff] reserved
Jan  2 21:37:46 srv20115 kernel: [    0.000000] BIOS-e820: [mem 0x00000000db789000-0x00000000ddffffff] usable
Jan  2 21:37:46 srv20115 kernel: [    0.000000] BIOS-e820: [mem 0x00000000de000000-0x00000000dfffffff] reserved
Jan  2 21:37:46 srv20115 kernel: [    0.000000] BIOS-e820: [mem 0x00000000f8000000-0x00000000fbffffff] reserved
Jan  2 21:37:46 srv20115 kernel: [    0.000000] BIOS-e820: [mem 0x00000000fd000000-0x00000000fd0fffff] reserved
Jan  2 21:37:46 srv20115 kernel: [    0.000000] BIOS-e820: [mem 0x00000000fd500000-0x00000000fd5fffff] reserved
Jan  2 21:37:46 srv20115 kernel: [    0.000000] BIOS-e820: [mem 0x00000000fea00000-0x00000000fea0ffff] reserved
Jan  2 21:37:46 srv20115 kernel: [    0.000000] BIOS-e820: [mem 0x00000000feb80000-0x00000000fec01fff] reserved
Jan  2 21:37:46 srv20115 kernel: [    0.000000] BIOS-e820: [mem 0x00000000fec10000-0x00000000fec10fff] reserved
Jan  2 21:37:46 srv20115 kernel: [    0.000000] BIOS-e820: [mem 0x00000000fec30000-0x00000000fec30fff] reserved
Jan  2 21:37:46 srv20115 kernel: [    0.000000] BIOS-e820: [mem 0x00000000fed00000-0x00000000fed00fff] reserved
Jan  2 21:37:46 srv20115 kernel: [    0.000000] BIOS-e820: [mem 0x00000000fed40000-0x00000000fed44fff] reserved
Jan  2 21:37:46 srv20115 kernel: [    0.000000] BIOS-e820: [mem 0x00000000fed80000-0x00000000fed8ffff] reserved
Jan  2 21:37:46 srv20115 kernel: [    0.000000] BIOS-e820: [mem 0x00000000fedc2000-0x00000000fedcffff] reserved
Jan  2 21:37:46 srv20115 kernel: [    0.000000] BIOS-e820: [mem 0x00000000fedd4000-0x00000000fedd5fff] reserved
Jan  2 21:37:46 srv20115 kernel: [    0.000000] BIOS-e820: [mem 0x00000000fee00000-0x00000000feefffff] reserved
Jan  2 21:37:46 srv20115 kernel: [    0.000000] BIOS-e820: [mem 0x00000000ff000000-0x00000000ffffffff] reserved
Jan  2 21:37:46 srv20115 kernel: [    0.000000] BIOS-e820: [mem 0x0000000100000000-0x000000101f37ffff] usable
Jan  2 21:37:46 srv20115 kernel: [    0.000000] NX (Execute Disable) protection: active
Jan  2 21:37:46 srv20115 kernel: [    0.000000] SMBIOS 3.1.1 present.
Jan  2 21:37:46 srv20115 kernel: [    0.000000] DMI: System manufacturer System Product Name/TUF B450M-PRO GAMING, BIOS 2006 11/13/2019
Jan  2 21:37:46 srv20115 kernel: [    0.000000] e820: update [mem 0x00000000-0x00000fff] usable ==> reserved
Jan  2 21:37:46 srv20115 kernel: [    0.000000] e820: remove [mem 0x000a0000-0x000fffff] usable
Jan  2 21:37:46 srv20115 kernel: [    0.000000] e820: last_pfn = 0x101f380 max_arch_pfn = 0x400000000
Jan  2 21:37:46 srv20115 kernel: [    0.000000] MTRR default type: uncachable
Jan  2 21:37:46 srv20115 kernel: [    0.000000] MTRR fixed ranges enabled:
Jan  2 21:37:46 srv20115 kernel: [    0.000000]   00000-9FFFF write-back
Jan  2 21:37:46 srv20115 kernel: [    0.000000]   A0000-BFFFF write-through
Jan  2 21:37:46 srv20115 kernel: [    0.000000]   C0000-FFFFF write-protect
Jan  2 21:37:46 srv20115 kernel: [    0.000000] MTRR variable ranges enabled:
Jan  2 21:37:46 srv20115 kernel: [    0.000000]   0 base 000000000000 mask FFFF80000000 write-back
Jan  2 21:37:46 srv20115 kernel: [    0.000000]   1 base 000080000000 mask FFFFC0000000 write-back
Jan  2 21:37:46 srv20115 kernel: [    0.000000]   2 base 0000C0000000 mask FFFFE0000000 write-back
Jan  2 21:37:46 srv20115 kernel: [    0.000000]   3 base 0000DAF50000 mask FFFFFFFF0000 uncachable
Jan  2 21:37:46 srv20115 kernel: [    0.000000]   4 disabled
Jan  2 21:37:46 srv20115 kernel: [    0.000000]   5 disabled
Jan  2 21:37:46 srv20115 kernel: [    0.000000]   6 disabled
Jan  2 21:37:46 srv20115 kernel: [    0.000000]   7 disabled
Jan  2 21:37:46 srv20115 kernel: [    0.000000] TOM2: 0000001020000000 aka 66048M
Jan  2 21:37:46 srv20115 kernel: [    0.000000] x86/PAT: Configuration [0-7]: WB  WC  UC- UC  WB  WP  UC- WT  
Jan  2 21:37:46 srv20115 kernel: [    0.000000] total RAM covered: 3583M
Jan  2 21:37:46 srv20115 kernel: [    0.000000] Found optimal setting for mtrr clean up
Jan  2 21:37:46 srv20115 kernel: [    0.000000]  gran_size: 64K 	chunk_size: 128M 	num_reg: 4  	lose cover RAM: 0G
Jan  2 21:37:46 srv20115 kernel: [    0.000000] e820: update [mem 0xdaf50000-0xdaf5ffff] usable ==> reserved
Jan  2 21:37:46 srv20115 kernel: [    0.000000] e820: update [mem 0xe0000000-0xffffffff] usable ==> reserved
Jan  2 21:37:46 srv20115 kernel: [    0.000000] e820: last_pfn = 0xde000 max_arch_pfn = 0x400000000
Jan  2 21:37:46 srv20115 kernel: [    0.000000] Scanning 1 areas for low memory corruption
Jan  2 21:37:46 srv20115 kernel: [    0.000000] Using GB pages for direct mapping
Jan  2 21:37:46 srv20115 kernel: [    0.000000] RAMDISK: [mem 0x33463000-0x35a28fff]
Jan  2 21:37:46 srv20115 kernel: [    0.000000] ACPI: Early table checksum verification disabled
Jan  2 21:37:46 srv20115 kernel: [    0.000000] ACPI: RSDP 0x00000000000F05B0 000024 (v02 ALASKA)
Jan  2 21:37:46 srv20115 kernel: [    0.000000] ACPI: XSDT 0x00000000D167E0A0 0000B4 (v01 ALASKA A M I    01072009 AMI  00010013)
Jan  2 21:37:46 srv20115 kernel: [    0.000000] ACPI: FACP 0x00000000D16898D0 000114 (v06 ALASKA A M I    01072009 AMI  00010013)
Jan  2 21:37:46 srv20115 kernel: [    0.000000] ACPI: DSDT 0x00000000D167E1E8 00B6E7 (v02 ALASKA A M I    01072009 INTL 20120913)
Jan  2 21:37:46 srv20115 kernel: [    0.000000] ACPI: FACS 0x00000000DAC1BD80 000040
Jan  2 21:37:46 srv20115 kernel: [    0.000000] ACPI: APIC 0x00000000D16899E8 00015E (v03 ALASKA A M I    01072009 AMI  00010013)
Jan  2 21:37:46 srv20115 kernel: [    0.000000] ACPI: FPDT 0x00000000D1689B48 000044 (v01 ALASKA A M I    01072009 AMI  00010013)
Jan  2 21:37:46 srv20115 kernel: [    0.000000] ACPI: FIDT 0x00000000D1689B90 00009C (v01 ALASKA A M I    01072009 AMI  00010013)
Jan  2 21:37:46 srv20115 kernel: [    0.000000] ACPI: SSDT 0x00000000D1689C30 0000FC (v02 ALASKA CPUSSDT  01072009 AMI  01072009)
Jan  2 21:37:46 srv20115 kernel: [    0.000000] ACPI: SSDT 0x00000000D169CE98 0010AF (v01 AMD    AmdTable 00000001 INTL 20120913)
Jan  2 21:37:46 srv20115 kernel: [    0.000000] ACPI: SSDT 0x00000000D1689D88 008C98 (v02 AMD    AMD ALIB 00000002 MSFT 04000000)
Jan  2 21:37:46 srv20115 kernel: [    0.000000] ACPI: SSDT 0x00000000D1692A20 00368A (v01 AMD    AMD AOD  00000001 INTL 20120913)
Jan  2 21:37:46 srv20115 kernel: [    0.000000] ACPI: MCFG 0x00000000D16960B0 00003C (v01 ALASKA A M I    01072009 MSFT 00010013)
Jan  2 21:37:46 srv20115 kernel: [    0.000000] ACPI: HPET 0x00000000D16960F0 000038 (v01 ALASKA A M I    01072009 AMI  00000005)
Jan  2 21:37:46 srv20115 kernel: [    0.000000] ACPI: UEFI 0x00000000D1696128 000042 (v01                 00000000      00000000)
Jan  2 21:37:46 srv20115 kernel: [    0.000000] ACPI: IVRS 0x00000000D1696170 0000D0 (v02 AMD    AMD IVRS 00000001 AMD  00000000)
Jan  2 21:37:46 srv20115 kernel: [    0.000000] ACPI: PCCT 0x00000000D1696240 00006E (v01 AMD    AMD PCCT 00000001 AMD  00000000)
Jan  2 21:37:46 srv20115 kernel: [    0.000000] ACPI: SSDT 0x00000000D16962B0 003EC9 (v01 AMD    AMD CPU  00000001 AMD  00000001)
Jan  2 21:37:46 srv20115 kernel: [    0.000000] ACPI: CRAT 0x00000000D169A180 000ED8 (v01 AMD    AMD CRAT 00000001 AMD  00000001)
Jan  2 21:37:46 srv20115 kernel: [    0.000000] ACPI: CDIT 0x00000000D169B058 000029 (v01 AMD    AMD CDIT 00000001 AMD  00000001)
Jan  2 21:37:46 srv20115 kernel: [    0.000000] ACPI: SSDT 0x00000000D169B088 001D4A (v01 AMD    AmdTable 00000001 INTL 20120913)
Jan  2 21:37:46 srv20115 kernel: [    0.000000] ACPI: SSDT 0x00000000D169CDD8 0000BF (v01 AMD    AMD PT   00001000 INTL 20120913)
Jan  2 21:37:46 srv20115 kernel: [    0.000000] ACPI: Local APIC address 0xfee00000
Jan  2 21:37:46 srv20115 kernel: [    0.000000] No NUMA configuration found
Jan  2 21:37:46 srv20115 kernel: [    0.000000] Faking a node at [mem 0x0000000000000000-0x000000101f37ffff]
Jan  2 21:37:46 srv20115 kernel: [    0.000000] NODE_DATA(0) allocated [mem 0x101f355000-0x101f37ffff]
Jan  2 21:37:46 srv20115 kernel: [    0.000000] tsc: Fast TSC calibration using PIT
Jan  2 21:37:46 srv20115 kernel: [    0.000000] Zone ranges:
Jan  2 21:37:46 srv20115 kernel: [    0.000000]   DMA      [mem 0x0000000000001000-0x0000000000ffffff]
Jan  2 21:37:46 srv20115 kernel: [    0.000000]   DMA32    [mem 0x0000000001000000-0x00000000ffffffff]
Jan  2 21:37:46 srv20115 kernel: [    0.000000]   Normal   [mem 0x0000000100000000-0x000000101f37ffff]
Jan  2 21:37:46 srv20115 kernel: [    0.000000]   Device   empty
Jan  2 21:37:46 srv20115 kernel: [    0.000000] Movable zone start for each node
Jan  2 21:37:46 srv20115 kernel: [    0.000000] Early memory node ranges
Jan  2 21:37:46 srv20115 kernel: [    0.000000]   node   0: [mem 0x0000000000001000-0x000000000009dfff]
Jan  2 21:37:46 srv20115 kernel: [    0.000000]   node   0: [mem 0x0000000000100000-0x0000000009e0ffff]
Jan  2 21:37:46 srv20115 kernel: [    0.000000]   node   0: [mem 0x000000000a000000-0x000000000a1fffff]
Jan  2 21:37:46 srv20115 kernel: [    0.000000]   node   0: [mem 0x000000000a20f000-0x000000000affffff]
Jan  2 21:37:46 srv20115 kernel: [    0.000000]   node   0: [mem 0x000000000b020000-0x00000000d167dfff]
Jan  2 21:37:46 srv20115 kernel: [    0.000000]   node   0: [mem 0x00000000d169e000-0x00000000da5eafff]
Jan  2 21:37:46 srv20115 kernel: [    0.000000]   node   0: [mem 0x00000000da766000-0x00000000da86efff]
Jan  2 21:37:46 srv20115 kernel: [    0.000000]   node   0: [mem 0x00000000db789000-0x00000000ddffffff]
Jan  2 21:37:46 srv20115 kernel: [    0.000000]   node   0: [mem 0x0000000100000000-0x000000101f37ffff]
Jan  2 21:37:46 srv20115 kernel: [    0.000000] Reserved but unavailable: 99 pages
Jan  2 21:37:46 srv20115 kernel: [    0.000000] Initmem setup node 0 [mem 0x0000000000001000-0x000000101f37ffff]
Jan  2 21:37:46 srv20115 kernel: [    0.000000] On node 0 totalpages: 16760905
Jan  2 21:37:46 srv20115 kernel: [    0.000000]   DMA zone: 64 pages used for memmap
Jan  2 21:37:46 srv20115 kernel: [    0.000000]   DMA zone: 21 pages reserved
Jan  2 21:37:46 srv20115 kernel: [    0.000000]   DMA zone: 3997 pages, LIFO batch:0
Jan  2 21:37:46 srv20115 kernel: [    0.000000]   DMA32 zone: 14069 pages used for memmap
Jan  2 21:37:46 srv20115 kernel: [    0.000000]   DMA32 zone: 900396 pages, LIFO batch:31
Jan  2 21:37:46 srv20115 kernel: [    0.000000]   Normal zone: 247758 pages used for memmap
Jan  2 21:37:46 srv20115 kernel: [    0.000000]   Normal zone: 15856512 pages, LIFO batch:31
Jan  2 21:37:46 srv20115 kernel: [    0.000000] ACPI: PM-Timer IO Port: 0x808
Jan  2 21:37:46 srv20115 kernel: [    0.000000] ACPI: Local APIC address 0xfee00000
Jan  2 21:37:46 srv20115 kernel: [    0.000000] ACPI: LAPIC_NMI (acpi_id[0xff] high edge lint[0x1])
Jan  2 21:37:46 srv20115 kernel: [    0.000000] IOAPIC[0]: apic_id 17, version 33, address 0xfec00000, GSI 0-23
Jan  2 21:37:46 srv20115 kernel: [    0.000000] IOAPIC[1]: apic_id 18, version 33, address 0xfec01000, GSI 24-55
Jan  2 21:37:46 srv20115 kernel: [    0.000000] ACPI: INT_SRC_OVR (bus 0 bus_irq 0 global_irq 2 dfl dfl)
Jan  2 21:37:46 srv20115 kernel: [    0.000000] ACPI: INT_SRC_OVR (bus 0 bus_irq 9 global_irq 9 low level)
Jan  2 21:37:46 srv20115 kernel: [    0.000000] ACPI: IRQ0 used by override.
Jan  2 21:37:46 srv20115 kernel: [    0.000000] ACPI: IRQ9 used by override.
Jan  2 21:37:46 srv20115 kernel: [    0.000000] Using ACPI (MADT) for SMP configuration information
Jan  2 21:37:46 srv20115 kernel: [    0.000000] ACPI: HPET id: 0x10228201 base: 0xfed00000
Jan  2 21:37:46 srv20115 kernel: [    0.000000] smpboot: Allowing 32 CPUs, 16 hotplug CPUs
Jan  2 21:37:46 srv20115 kernel: [    0.000000] PM: Registered nosave memory: [mem 0x00000000-0x00000fff]
Jan  2 21:37:46 srv20115 kernel: [    0.000000] PM: Registered nosave memory: [mem 0x0009e000-0x0009efff]
Jan  2 21:37:46 srv20115 kernel: [    0.000000] PM: Registered nosave memory: [mem 0x0009f000-0x0009ffff]
Jan  2 21:37:46 srv20115 kernel: [    0.000000] PM: Registered nosave memory: [mem 0x000a0000-0x000dffff]
Jan  2 21:37:46 srv20115 kernel: [    0.000000] PM: Registered nosave memory: [mem 0x000e0000-0x000fffff]
Jan  2 21:37:46 srv20115 kernel: [    0.000000] PM: Registered nosave memory: [mem 0x09e10000-0x09ffffff]
Jan  2 21:37:46 srv20115 kernel: [    0.000000] PM: Registered nosave memory: [mem 0x0a200000-0x0a20efff]
Jan  2 21:37:46 srv20115 kernel: [    0.000000] PM: Registered nosave memory: [mem 0x0b000000-0x0b01ffff]
Jan  2 21:37:46 srv20115 kernel: [    0.000000] PM: Registered nosave memory: [mem 0xd167e000-0xd169dfff]
Jan  2 21:37:46 srv20115 kernel: [    0.000000] PM: Registered nosave memory: [mem 0xda5eb000-0xda755fff]
Jan  2 21:37:46 srv20115 kernel: [    0.000000] PM: Registered nosave memory: [mem 0xda756000-0xda765fff]
Jan  2 21:37:46 srv20115 kernel: [    0.000000] PM: Registered nosave memory: [mem 0xda86f000-0xdac31fff]
Jan  2 21:37:46 srv20115 kernel: [    0.000000] PM: Registered nosave memory: [mem 0xdac32000-0xdb788fff]
Jan  2 21:37:46 srv20115 kernel: [    0.000000] PM: Registered nosave memory: [mem 0xde000000-0xdfffffff]
Jan  2 21:37:46 srv20115 kernel: [    0.000000] PM: Registered nosave memory: [mem 0xe0000000-0xf7ffffff]
Jan  2 21:37:46 srv20115 kernel: [    0.000000] PM: Registered nosave memory: [mem 0xf8000000-0xfbffffff]
Jan  2 21:37:46 srv20115 kernel: [    0.000000] PM: Registered nosave memory: [mem 0xfc000000-0xfcffffff]
Jan  2 21:37:46 srv20115 kernel: [    0.000000] PM: Registered nosave memory: [mem 0xfd000000-0xfd0fffff]
Jan  2 21:37:46 srv20115 kernel: [    0.000000] PM: Registered nosave memory: [mem 0xfd100000-0xfd4fffff]
Jan  2 21:37:46 srv20115 kernel: [    0.000000] PM: Registered nosave memory: [mem 0xfd500000-0xfd5fffff]
Jan  2 21:37:46 srv20115 kernel: [    0.000000] PM: Registered nosave memory: [mem 0xfd600000-0xfe9fffff]
Jan  2 21:37:46 srv20115 kernel: [    0.000000] PM: Registered nosave memory: [mem 0xfea00000-0xfea0ffff]
Jan  2 21:37:46 srv20115 kernel: [    0.000000] PM: Registered nosave memory: [mem 0xfea10000-0xfeb7ffff]
Jan  2 21:37:46 srv20115 kernel: [    0.000000] PM: Registered nosave memory: [mem 0xfeb80000-0xfec01fff]
Jan  2 21:37:46 srv20115 kernel: [    0.000000] PM: Registered nosave memory: [mem 0xfec02000-0xfec0ffff]
Jan  2 21:37:46 srv20115 kernel: [    0.000000] PM: Registered nosave memory: [mem 0xfec10000-0xfec10fff]
Jan  2 21:37:46 srv20115 kernel: [    0.000000] PM: Registered nosave memory: [mem 0xfec11000-0xfec2ffff]
Jan  2 21:37:46 srv20115 kernel: [    0.000000] PM: Registered nosave memory: [mem 0xfec30000-0xfec30fff]
Jan  2 21:37:46 srv20115 kernel: [    0.000000] PM: Registered nosave memory: [mem 0xfec31000-0xfecfffff]
Jan  2 21:37:46 srv20115 kernel: [    0.000000] PM: Registered nosave memory: [mem 0xfed00000-0xfed00fff]
Jan  2 21:37:46 srv20115 kernel: [    0.000000] PM: Registered nosave memory: [mem 0xfed01000-0xfed3ffff]
Jan  2 21:37:46 srv20115 kernel: [    0.000000] PM: Registered nosave memory: [mem 0xfed40000-0xfed44fff]
Jan  2 21:37:46 srv20115 kernel: [    0.000000] PM: Registered nosave memory: [mem 0xfed45000-0xfed7ffff]
Jan  2 21:37:46 srv20115 kernel: [    0.000000] PM: Registered nosave memory: [mem 0xfed80000-0xfed8ffff]
Jan  2 21:37:46 srv20115 kernel: [    0.000000] PM: Registered nosave memory: [mem 0xfed90000-0xfedc1fff]
Jan  2 21:37:46 srv20115 kernel: [    0.000000] PM: Registered nosave memory: [mem 0xfedc2000-0xfedcffff]
Jan  2 21:37:46 srv20115 kernel: [    0.000000] PM: Registered nosave memory: [mem 0xfedd0000-0xfedd3fff]
Jan  2 21:37:46 srv20115 kernel: [    0.000000] PM: Registered nosave memory: [mem 0xfedd4000-0xfedd5fff]
Jan  2 21:37:46 srv20115 kernel: [    0.000000] PM: Registered nosave memory: [mem 0xfedd6000-0xfedfffff]
Jan  2 21:37:46 srv20115 kernel: [    0.000000] PM: Registered nosave memory: [mem 0xfee00000-0xfeefffff]
Jan  2 21:37:46 srv20115 kernel: [    0.000000] PM: Registered nosave memory: [mem 0xfef00000-0xfeffffff]
Jan  2 21:37:46 srv20115 kernel: [    0.000000] PM: Registered nosave memory: [mem 0xff000000-0xffffffff]
Jan  2 21:37:46 srv20115 kernel: [    0.000000] e820: [mem 0xe0000000-0xf7ffffff] available for PCI devices
Jan  2 21:37:46 srv20115 kernel: [    0.000000] Booting paravirtualized kernel on bare hardware
Jan  2 21:37:46 srv20115 kernel: [    0.000000] clocksource: refined-jiffies: mask: 0xffffffff max_cycles: 0xffffffff, max_idle_ns: 7645519600211568 ns
Jan  2 21:37:46 srv20115 kernel: [    0.000000] random: get_random_bytes called from start_kernel+0x99/0x500 with crng_init=0
Jan  2 21:37:46 srv20115 kernel: [    0.000000] setup_percpu: NR_CPUS:8192 nr_cpumask_bits:32 nr_cpu_ids:32 nr_node_ids:1
Jan  2 21:37:46 srv20115 kernel: [    0.000000] percpu: Embedded 45 pages/cpu s147456 r8192 d28672 u262144
Jan  2 21:37:46 srv20115 kernel: [    0.000000] pcpu-alloc: s147456 r8192 d28672 u262144 alloc=1*2097152
Jan  2 21:37:46 srv20115 kernel: [    0.000000] pcpu-alloc: [0] 00 01 02 03 04 05 06 07 [0] 08 09 10 11 12 13 14 15 
Jan  2 21:37:46 srv20115 kernel: [    0.000000] pcpu-alloc: [0] 16 17 18 19 20 21 22 23 [0] 24 25 26 27 28 29 30 31 
Jan  2 21:37:46 srv20115 kernel: [    0.000000] Built 1 zonelists, mobility grouping on.  Total pages: 16498993
Jan  2 21:37:46 srv20115 kernel: [    0.000000] Policy zone: Normal
Jan  2 21:37:46 srv20115 kernel: [    0.000000] Kernel command line: BOOT_IMAGE=/vmlinuz-4.15.0-122-generic root=UUID=18fe1c95-6a89-4b51-9731-24fe060cb64a ro quiet
Jan  2 21:37:46 srv20115 kernel: [    0.000000] Calgary: detecting Calgary via BIOS EBDA area
Jan  2 21:37:46 srv20115 kernel: [    0.000000] Calgary: Unable to locate Rio Grande table in EBDA - bailing!
Jan  2 21:37:46 srv20115 kernel: [    0.000000] Memory: 65855992K/67043620K available (12300K kernel code, 2482K rwdata, 4272K rodata, 2436K init, 2724K bss, 1187628K reserved, 0K cma-reserved)
Jan  2 21:37:46 srv20115 kernel: [    0.000000] SLUB: HWalign=64, Order=0-3, MinObjects=0, CPUs=32, Nodes=1
Jan  2 21:37:46 srv20115 kernel: [    0.000000] ftrace: allocating 39402 entries in 154 pages
Jan  2 21:37:46 srv20115 kernel: [    0.000000] Hierarchical RCU implementation.
Jan  2 21:37:46 srv20115 kernel: [    0.000000] 	RCU restricting CPUs from NR_CPUS=8192 to nr_cpu_ids=32.
Jan  2 21:37:46 srv20115 kernel: [    0.000000] 	Tasks RCU enabled.
Jan  2 21:37:46 srv20115 kernel: [    0.000000] RCU: Adjusting geometry for rcu_fanout_leaf=16, nr_cpu_ids=32
Jan  2 21:37:46 srv20115 kernel: [    0.000000] NR_IRQS: 524544, nr_irqs: 1224, preallocated irqs: 16
Jan  2 21:37:46 srv20115 kernel: [    0.000000] spurious 8259A interrupt: IRQ7.
Jan  2 21:37:46 srv20115 kernel: [    0.000000] Console: colour dummy device 80x25
Jan  2 21:37:46 srv20115 kernel: [    0.000000] console [tty0] enabled
Jan  2 21:37:46 srv20115 kernel: [    0.000000] ACPI: Core revision 20170831
Jan  2 21:37:46 srv20115 kernel: [    0.000000] ACPI: 8 ACPI AML tables successfully acquired and loaded
Jan  2 21:37:46 srv20115 kernel: [    0.000000] clocksource: hpet: mask: 0xffffffff max_cycles: 0xffffffff, max_idle_ns: 133484873504 ns
Jan  2 21:37:46 srv20115 kernel: [    0.000000] hpet clockevent registered
Jan  2 21:37:46 srv20115 kernel: [    0.000000] APIC: Switch to symmetric I/O mode setup
Jan  2 21:37:46 srv20115 kernel: [    0.004000] Switched APIC routing to physical flat.
Jan  2 21:37:46 srv20115 kernel: [    0.004000] ..TIMER: vector=0x30 apic1=0 pin1=2 apic2=-1 pin2=-1
Jan  2 21:37:46 srv20115 kernel: [    0.024000] tsc: Fast TSC calibration failed
Jan  2 21:37:46 srv20115 kernel: [    0.032000] tsc: PIT calibration matches HPET. 1 loops
Jan  2 21:37:46 srv20115 kernel: [    0.032000] tsc: Detected 3593.311 MHz processor
Jan  2 21:37:46 srv20115 kernel: [    0.032000] Calibrating delay loop (skipped), value calculated using timer frequency.. 7186.62 BogoMIPS (lpj=14373244)
Jan  2 21:37:46 srv20115 kernel: [    0.032000] pid_max: default: 32768 minimum: 301
Jan  2 21:37:46 srv20115 kernel: [    0.032000] Security Framework initialized
Jan  2 21:37:46 srv20115 kernel: [    0.032000] Yama: becoming mindful.
Jan  2 21:37:46 srv20115 kernel: [    0.032000] AppArmor: AppArmor initialized
Jan  2 21:37:46 srv20115 kernel: [    0.037204] Dentry cache hash table entries: 8388608 (order: 14, 67108864 bytes)
Jan  2 21:37:46 srv20115 kernel: [    0.040009] Inode-cache hash table entries: 4194304 (order: 13, 33554432 bytes)
Jan  2 21:37:46 srv20115 kernel: [    0.040096] Mount-cache hash table entries: 131072 (order: 8, 1048576 bytes)
Jan  2 21:37:46 srv20115 kernel: [    0.040167] Mountpoint-cache hash table entries: 131072 (order: 8, 1048576 bytes)
Jan  2 21:37:46 srv20115 kernel: [    0.040314] x86/cpu: Activated the Intel User Mode Instruction Prevention (UMIP) CPU feature
Jan  2 21:37:46 srv20115 kernel: [    0.040353] LVT offset 1 assigned for vector 0xf9
Jan  2 21:37:46 srv20115 kernel: [    0.040487] LVT offset 2 assigned for vector 0xf4
Jan  2 21:37:46 srv20115 kernel: [    0.040511] Last level iTLB entries: 4KB 1024, 2MB 1024, 4MB 512
Jan  2 21:37:46 srv20115 kernel: [    0.040511] Last level dTLB entries: 4KB 2048, 2MB 2048, 4MB 1024, 1GB 0
Jan  2 21:37:46 srv20115 kernel: [    0.040512] Spectre V1 : Mitigation: usercopy/swapgs barriers and __user pointer sanitization
Jan  2 21:37:46 srv20115 kernel: [    0.040513] Spectre V2 : Mitigation: Full AMD retpoline
Jan  2 21:37:46 srv20115 kernel: [    0.040513] Spectre V2 : Spectre v2 / SpectreRSB mitigation: Filling RSB on context switch
Jan  2 21:37:46 srv20115 kernel: [    0.040517] Spectre V2 : mitigation: Enabling conditional Indirect Branch Prediction Barrier
Jan  2 21:37:46 srv20115 kernel: [    0.040517] Spectre V2 : User space: Mitigation: STIBP via seccomp and prctl
Jan  2 21:37:46 srv20115 kernel: [    0.040518] Speculative Store Bypass: Mitigation: Speculative Store Bypass disabled via prctl and seccomp
Jan  2 21:37:46 srv20115 kernel: [    0.046610] Freeing SMP alternatives memory: 36K
Jan  2 21:37:46 srv20115 kernel: [    0.157652] smpboot: CPU0: AMD Ryzen 7 3700X 8-Core Processor (family: 0x17, model: 0x71, stepping: 0x0)
Jan  2 21:37:46 srv20115 kernel: [    0.157692] Performance Events: Fam17h core perfctr, AMD PMU driver.
Jan  2 21:37:46 srv20115 kernel: [    0.157694] ... version:                0
Jan  2 21:37:46 srv20115 kernel: [    0.157694] ... bit width:              48
Jan  2 21:37:46 srv20115 kernel: [    0.157694] ... generic registers:      6
Jan  2 21:37:46 srv20115 kernel: [    0.157695] ... value mask:             0000ffffffffffff
Jan  2 21:37:46 srv20115 kernel: [    0.157695] ... max period:             00007fffffffffff
Jan  2 21:37:46 srv20115 kernel: [    0.157695] ... fixed-purpose events:   0
Jan  2 21:37:46 srv20115 kernel: [    0.157695] ... event mask:             000000000000003f
Jan  2 21:37:46 srv20115 kernel: [    0.157713] Hierarchical SRCU implementation.
Jan  2 21:37:46 srv20115 kernel: [    0.158308] NMI watchdog: Enabled. Permanently consumes one hw-PMU counter.
Jan  2 21:37:46 srv20115 kernel: [    0.158315] smp: Bringing up secondary CPUs ...
Jan  2 21:37:46 srv20115 kernel: [    0.158357] x86: Booting SMP configuration:
Jan  2 21:37:46 srv20115 kernel: [    0.158358] .... node  #0, CPUs:        #1
Jan  2 21:37:46 srv20115 kernel: [    0.004000] x86/cpu: Activated the Intel User Mode Instruction Prevention (UMIP) CPU feature
Jan  2 21:37:46 srv20115 kernel: [    0.160000]   #2
Jan  2 21:37:46 srv20115 kernel: [    0.004000] x86/cpu: Activated the Intel User Mode Instruction Prevention (UMIP) CPU feature
Jan  2 21:37:46 srv20115 kernel: [    0.160041]   #3
Jan  2 21:37:46 srv20115 kernel: [    0.004000] x86/cpu: Activated the Intel User Mode Instruction Prevention (UMIP) CPU feature
Jan  2 21:37:46 srv20115 kernel: [    0.162183]   #4
Jan  2 21:37:46 srv20115 kernel: [    0.004000] x86/cpu: Activated the Intel User Mode Instruction Prevention (UMIP) CPU feature
Jan  2 21:37:46 srv20115 kernel: [    0.164040]   #5
Jan  2 21:37:46 srv20115 kernel: [    0.004000] x86/cpu: Activated the Intel User Mode Instruction Prevention (UMIP) CPU feature
Jan  2 21:37:46 srv20115 kernel: [    0.168040]   #6
Jan  2 21:37:46 srv20115 kernel: [    0.004000] x86/cpu: Activated the Intel User Mode Instruction Prevention (UMIP) CPU feature
Jan  2 21:37:46 srv20115 kernel: [    0.170181]   #7
Jan  2 21:37:46 srv20115 kernel: [    0.004000] x86/cpu: Activated the Intel User Mode Instruction Prevention (UMIP) CPU feature
Jan  2 21:37:46 srv20115 kernel: [    0.172041]   #8
Jan  2 21:37:46 srv20115 kernel: [    0.004000] x86/cpu: Activated the Intel User Mode Instruction Prevention (UMIP) CPU feature
Jan  2 21:37:46 srv20115 kernel: [    0.174203]   #9
Jan  2 21:37:46 srv20115 kernel: [    0.004000] x86/cpu: Activated the Intel User Mode Instruction Prevention (UMIP) CPU feature
Jan  2 21:37:46 srv20115 kernel: [    0.176041]  #10
Jan  2 21:37:46 srv20115 kernel: [    0.004000] x86/cpu: Activated the Intel User Mode Instruction Prevention (UMIP) CPU feature
Jan  2 21:37:46 srv20115 kernel: [    0.178144]  #11
Jan  2 21:37:46 srv20115 kernel: [    0.004000] x86/cpu: Activated the Intel User Mode Instruction Prevention (UMIP) CPU feature
Jan  2 21:37:46 srv20115 kernel: [    0.180039]  #12
Jan  2 21:37:46 srv20115 kernel: [    0.004000] x86/cpu: Activated the Intel User Mode Instruction Prevention (UMIP) CPU feature
Jan  2 21:37:46 srv20115 kernel: [    0.184044]  #13
Jan  2 21:37:46 srv20115 kernel: [    0.004000] x86/cpu: Activated the Intel User Mode Instruction Prevention (UMIP) CPU feature
Jan  2 21:37:46 srv20115 kernel: [    0.186188]  #14
Jan  2 21:37:46 srv20115 kernel: [    0.004000] x86/cpu: Activated the Intel User Mode Instruction Prevention (UMIP) CPU feature
Jan  2 21:37:46 srv20115 kernel: [    0.188042]  #15
Jan  2 21:37:46 srv20115 kernel: [    0.004000] x86/cpu: Activated the Intel User Mode Instruction Prevention (UMIP) CPU feature
Jan  2 21:37:46 srv20115 kernel: [    0.190187] smp: Brought up 1 node, 16 CPUs
Jan  2 21:37:46 srv20115 kernel: [    0.190187] smpboot: Max logical packages: 2
Jan  2 21:37:46 srv20115 kernel: [    0.190187] smpboot: Total of 16 processors activated (114985.95 BogoMIPS)
Jan  2 21:37:46 srv20115 kernel: [    0.192809] devtmpfs: initialized
Jan  2 21:37:46 srv20115 kernel: [    0.192809] x86/mm: Memory block size: 2048MB
Jan  2 21:37:46 srv20115 kernel: [    0.192809] evm: security.selinux
Jan  2 21:37:46 srv20115 kernel: [    0.192809] evm: security.SMACK64
Jan  2 21:37:46 srv20115 kernel: [    0.192809] evm: security.SMACK64EXEC
Jan  2 21:37:46 srv20115 kernel: [    0.192809] evm: security.SMACK64TRANSMUTE
Jan  2 21:37:46 srv20115 kernel: [    0.192809] evm: security.SMACK64MMAP
Jan  2 21:37:46 srv20115 kernel: [    0.192809] evm: security.apparmor
Jan  2 21:37:46 srv20115 kernel: [    0.192809] evm: security.ima
Jan  2 21:37:46 srv20115 kernel: [    0.192809] evm: security.capability
Jan  2 21:37:46 srv20115 kernel: [    0.192809] PM: Registering ACPI NVS region [mem 0x0a200000-0x0a20efff] (61440 bytes)
Jan  2 21:37:46 srv20115 kernel: [    0.192809] PM: Registering ACPI NVS region [mem 0xda86f000-0xdac31fff] (3944448 bytes)
Jan  2 21:37:46 srv20115 kernel: [    0.192809] clocksource: jiffies: mask: 0xffffffff max_cycles: 0xffffffff, max_idle_ns: 7645041785100000 ns
Jan  2 21:37:46 srv20115 kernel: [    0.192809] futex hash table entries: 8192 (order: 7, 524288 bytes)
Jan  2 21:37:46 srv20115 kernel: [    0.192809] pinctrl core: initialized pinctrl subsystem
Jan  2 21:37:46 srv20115 kernel: [    0.192809] RTC time: 20:37:44, date: 01/02/21
Jan  2 21:37:46 srv20115 kernel: [    0.192962] NET: Registered protocol family 16
Jan  2 21:37:46 srv20115 kernel: [    0.193007] audit: initializing netlink subsys (disabled)
Jan  2 21:37:46 srv20115 kernel: [    0.193009] audit: type=2000 audit(1609619863.192:1): state=initialized audit_enabled=0 res=1
Jan  2 21:37:46 srv20115 kernel: [    0.193009] cpuidle: using governor ladder
Jan  2 21:37:46 srv20115 kernel: [    0.193009] cpuidle: using governor menu
Jan  2 21:37:46 srv20115 kernel: [    0.193009] Detected 1 PCC Subspaces
Jan  2 21:37:46 srv20115 kernel: [    0.193009] Registering PCC driver as Mailbox controller
Jan  2 21:37:46 srv20115 kernel: [    0.193009] ACPI: bus type PCI registered
Jan  2 21:37:46 srv20115 kernel: [    0.193009] acpiphp: ACPI Hot Plug PCI Controller Driver version: 0.5
Jan  2 21:37:46 srv20115 kernel: [    0.193009] PCI: MMCONFIG for domain 0000 [bus 00-3f] at [mem 0xf8000000-0xfbffffff] (base 0xf8000000)
Jan  2 21:37:46 srv20115 kernel: [    0.193009] PCI: MMCONFIG at [mem 0xf8000000-0xfbffffff] reserved in E820
Jan  2 21:37:46 srv20115 kernel: [    0.193009] PCI: Using configuration type 1 for base access
Jan  2 21:37:46 srv20115 kernel: [    0.193009] HugeTLB registered 1.00 GiB page size, pre-allocated 0 pages
Jan  2 21:37:46 srv20115 kernel: [    0.193009] HugeTLB registered 2.00 MiB page size, pre-allocated 0 pages
Jan  2 21:37:46 srv20115 kernel: [    0.193009] ACPI: Added _OSI(Module Device)
Jan  2 21:37:46 srv20115 kernel: [    0.193009] ACPI: Added _OSI(Processor Device)
Jan  2 21:37:46 srv20115 kernel: [    0.193009] ACPI: Added _OSI(3.0 _SCP Extensions)
Jan  2 21:37:46 srv20115 kernel: [    0.193009] ACPI: Added _OSI(Processor Aggregator Device)
Jan  2 21:37:46 srv20115 kernel: [    0.193009] ACPI: Added _OSI(Linux-Dell-Video)
Jan  2 21:37:46 srv20115 kernel: [    0.193009] ACPI: Added _OSI(Linux-Lenovo-NV-HDMI-Audio)
Jan  2 21:37:46 srv20115 kernel: [    0.193009] ACPI: Added _OSI(Linux-HPI-Hybrid-Graphics)
Jan  2 21:37:46 srv20115 kernel: [    0.193009] ACPI: Executed 2 blocks of module-level executable AML code
Jan  2 21:37:46 srv20115 kernel: [    0.200002] ACPI: [Firmware Bug]: BIOS _OSI(Linux) query ignored
Jan  2 21:37:46 srv20115 kernel: [    0.204000] ACPI: Interpreter enabled
Jan  2 21:37:46 srv20115 kernel: [    0.204000] ACPI: (supports S0 S3 S4 S5)
Jan  2 21:37:46 srv20115 kernel: [    0.204000] ACPI: Using IOAPIC for interrupt routing
Jan  2 21:37:46 srv20115 kernel: [    0.204000] PCI: Using host bridge windows from ACPI; if necessary, use "pci=nocrs" and report a bug
Jan  2 21:37:46 srv20115 kernel: [    0.204000] ACPI: Enabled 3 GPEs in block 00 to 1F
Jan  2 21:37:46 srv20115 kernel: [    0.210863] ACPI: PCI Root Bridge [PCI0] (domain 0000 [bus 00-ff])
Jan  2 21:37:46 srv20115 kernel: [    0.210866] acpi PNP0A08:00: _OSC: OS supports [ExtendedConfig ASPM ClockPM Segments MSI]
Jan  2 21:37:46 srv20115 kernel: [    0.211002] acpi PNP0A08:00: _OSC: platform does not support [PCIeHotplug PME]
Jan  2 21:37:46 srv20115 kernel: [    0.211131] acpi PNP0A08:00: _OSC: OS now controls [AER PCIeCapability]
Jan  2 21:37:46 srv20115 kernel: [    0.211139] acpi PNP0A08:00: [Firmware Info]: MMCONFIG for domain 0000 [bus 00-3f] only partially covers this bridge
Jan  2 21:37:46 srv20115 kernel: [    0.211371] PCI host bridge to bus 0000:00
Jan  2 21:37:46 srv20115 kernel: [    0.211372] pci_bus 0000:00: root bus resource [io  0x0000-0x03af window]
Jan  2 21:37:46 srv20115 kernel: [    0.211373] pci_bus 0000:00: root bus resource [io  0x03e0-0x0cf7 window]
Jan  2 21:37:46 srv20115 kernel: [    0.211373] pci_bus 0000:00: root bus resource [io  0x03b0-0x03df window]
Jan  2 21:37:46 srv20115 kernel: [    0.211374] pci_bus 0000:00: root bus resource [io  0x0d00-0xffff window]
Jan  2 21:37:46 srv20115 kernel: [    0.211374] pci_bus 0000:00: root bus resource [mem 0x000a0000-0x000bffff window]
Jan  2 21:37:46 srv20115 kernel: [    0.211375] pci_bus 0000:00: root bus resource [mem 0x000c0000-0x000dffff window]
Jan  2 21:37:46 srv20115 kernel: [    0.211375] pci_bus 0000:00: root bus resource [mem 0xe0000000-0xf7ffffff window]
Jan  2 21:37:46 srv20115 kernel: [    0.211376] pci_bus 0000:00: root bus resource [bus 00-ff]
Jan  2 21:37:46 srv20115 kernel: [    0.211381] pci 0000:00:00.0: [1022:1480] type 00 class 0x060000
Jan  2 21:37:46 srv20115 kernel: [    0.211458] pci 0000:00:00.2: [1022:1481] type 00 class 0x080600
Jan  2 21:37:46 srv20115 kernel: [    0.211543] pci 0000:00:01.0: [1022:1482] type 00 class 0x060000
Jan  2 21:37:46 srv20115 kernel: [    0.211607] pci 0000:00:01.1: [1022:1483] type 01 class 0x060400
Jan  2 21:37:46 srv20115 kernel: [    0.211642] pci 0000:00:01.1: enabling Extended Tags
Jan  2 21:37:46 srv20115 kernel: [    0.211685] pci 0000:00:01.1: PME# supported from D0 D3hot D3cold
Jan  2 21:37:46 srv20115 kernel: [    0.211768] pci 0000:00:01.3: [1022:1483] type 01 class 0x060400
Jan  2 21:37:46 srv20115 kernel: [    0.211803] pci 0000:00:01.3: enabling Extended Tags
Jan  2 21:37:46 srv20115 kernel: [    0.211845] pci 0000:00:01.3: PME# supported from D0 D3hot D3cold
Jan  2 21:37:46 srv20115 kernel: [    0.211922] pci 0000:00:02.0: [1022:1482] type 00 class 0x060000
Jan  2 21:37:46 srv20115 kernel: [    0.211989] pci 0000:00:03.0: [1022:1482] type 00 class 0x060000
Jan  2 21:37:46 srv20115 kernel: [    0.212053] pci 0000:00:03.1: [1022:1483] type 01 class 0x060400
Jan  2 21:37:46 srv20115 kernel: [    0.212119] pci 0000:00:03.1: PME# supported from D0 D3hot D3cold
Jan  2 21:37:46 srv20115 kernel: [    0.212196] pci 0000:00:04.0: [1022:1482] type 00 class 0x060000
Jan  2 21:37:46 srv20115 kernel: [    0.212263] pci 0000:00:05.0: [1022:1482] type 00 class 0x060000
Jan  2 21:37:46 srv20115 kernel: [    0.212332] pci 0000:00:07.0: [1022:1482] type 00 class 0x060000
Jan  2 21:37:46 srv20115 kernel: [    0.212394] pci 0000:00:07.1: [1022:1484] type 01 class 0x060400
Jan  2 21:37:46 srv20115 kernel: [    0.212422] pci 0000:00:07.1: enabling Extended Tags
Jan  2 21:37:46 srv20115 kernel: [    0.212453] pci 0000:00:07.1: PME# supported from D0 D3hot D3cold
Jan  2 21:37:46 srv20115 kernel: [    0.212516] pci 0000:00:08.0: [1022:1482] type 00 class 0x060000
Jan  2 21:37:46 srv20115 kernel: [    0.212578] pci 0000:00:08.1: [1022:1484] type 01 class 0x060400
Jan  2 21:37:46 srv20115 kernel: [    0.212608] pci 0000:00:08.1: enabling Extended Tags
Jan  2 21:37:46 srv20115 kernel: [    0.212642] pci 0000:00:08.1: PME# supported from D0 D3hot D3cold
Jan  2 21:37:46 srv20115 kernel: [    0.212703] pci 0000:00:08.2: [1022:1484] type 01 class 0x060400
Jan  2 21:37:46 srv20115 kernel: [    0.212733] pci 0000:00:08.2: enabling Extended Tags
Jan  2 21:37:46 srv20115 kernel: [    0.212766] pci 0000:00:08.2: PME# supported from D0 D3hot D3cold
Jan  2 21:37:46 srv20115 kernel: [    0.212828] pci 0000:00:08.3: [1022:1484] type 01 class 0x060400
Jan  2 21:37:46 srv20115 kernel: [    0.212858] pci 0000:00:08.3: enabling Extended Tags
Jan  2 21:37:46 srv20115 kernel: [    0.212891] pci 0000:00:08.3: PME# supported from D0 D3hot D3cold
Jan  2 21:37:46 srv20115 kernel: [    0.212968] pci 0000:00:14.0: [1022:790b] type 00 class 0x0c0500
Jan  2 21:37:46 srv20115 kernel: [    0.213073] pci 0000:00:14.3: [1022:790e] type 00 class 0x060100
Jan  2 21:37:46 srv20115 kernel: [    0.213185] pci 0000:00:18.0: [1022:1440] type 00 class 0x060000
Jan  2 21:37:46 srv20115 kernel: [    0.213226] pci 0000:00:18.1: [1022:1441] type 00 class 0x060000
Jan  2 21:37:46 srv20115 kernel: [    0.213267] pci 0000:00:18.2: [1022:1442] type 00 class 0x060000
Jan  2 21:37:46 srv20115 kernel: [    0.213307] pci 0000:00:18.3: [1022:1443] type 00 class 0x060000
Jan  2 21:37:46 srv20115 kernel: [    0.213354] pci 0000:00:18.4: [1022:1444] type 00 class 0x060000
Jan  2 21:37:46 srv20115 kernel: [    0.213394] pci 0000:00:18.5: [1022:1445] type 00 class 0x060000
Jan  2 21:37:46 srv20115 kernel: [    0.213435] pci 0000:00:18.6: [1022:1446] type 00 class 0x060000
Jan  2 21:37:46 srv20115 kernel: [    0.213475] pci 0000:00:18.7: [1022:1447] type 00 class 0x060000
Jan  2 21:37:46 srv20115 kernel: [    0.213566] pci 0000:01:00.0: [144d:a808] type 00 class 0x010802
Jan  2 21:37:46 srv20115 kernel: [    0.213594] pci 0000:01:00.0: reg 0x10: [mem 0xf6a00000-0xf6a03fff 64bit]
Jan  2 21:37:46 srv20115 kernel: [    0.224023] pci 0000:00:01.1: PCI bridge to [bus 01]
Jan  2 21:37:46 srv20115 kernel: [    0.224028] pci 0000:00:01.1:   bridge window [mem 0xf6a00000-0xf6afffff]
Jan  2 21:37:46 srv20115 kernel: [    0.224080] pci 0000:02:00.0: [1022:43d5] type 00 class 0x0c0330
Jan  2 21:37:46 srv20115 kernel: [    0.224106] pci 0000:02:00.0: reg 0x10: [mem 0xf67a0000-0xf67a7fff 64bit]
Jan  2 21:37:46 srv20115 kernel: [    0.224148] pci 0000:02:00.0: enabling Extended Tags
Jan  2 21:37:46 srv20115 kernel: [    0.224200] pci 0000:02:00.0: PME# supported from D3hot D3cold
Jan  2 21:37:46 srv20115 kernel: [    0.224256] pci 0000:02:00.1: [1022:43c8] type 00 class 0x010601
Jan  2 21:37:46 srv20115 kernel: [    0.224310] pci 0000:02:00.1: reg 0x24: [mem 0xf6780000-0xf679ffff]
Jan  2 21:37:46 srv20115 kernel: [    0.224318] pci 0000:02:00.1: reg 0x30: [mem 0xf6700000-0xf677ffff pref]
Jan  2 21:37:46 srv20115 kernel: [    0.224325] pci 0000:02:00.1: enabling Extended Tags
Jan  2 21:37:46 srv20115 kernel: [    0.224366] pci 0000:02:00.1: PME# supported from D3hot D3cold
Jan  2 21:37:46 srv20115 kernel: [    0.224408] pci 0000:02:00.2: [1022:43c6] type 01 class 0x060400
Jan  2 21:37:46 srv20115 kernel: [    0.224459] pci 0000:02:00.2: enabling Extended Tags
Jan  2 21:37:46 srv20115 kernel: [    0.224503] pci 0000:02:00.2: PME# supported from D3hot D3cold
Jan  2 21:37:46 srv20115 kernel: [    0.236020] pci 0000:00:01.3: PCI bridge to [bus 02-07]
Jan  2 21:37:46 srv20115 kernel: [    0.236023] pci 0000:00:01.3:   bridge window [io  0xf000-0xffff]
Jan  2 21:37:46 srv20115 kernel: [    0.236024] pci 0000:00:01.3:   bridge window [mem 0xf6500000-0xf67fffff]
Jan  2 21:37:46 srv20115 kernel: [    0.236109] pci 0000:03:00.0: [1022:43c7] type 01 class 0x060400
Jan  2 21:37:46 srv20115 kernel: [    0.236167] pci 0000:03:00.0: enabling Extended Tags
Jan  2 21:37:46 srv20115 kernel: [    0.236220] pci 0000:03:00.0: PME# supported from D3hot D3cold
Jan  2 21:37:46 srv20115 kernel: [    0.236280] pci 0000:03:01.0: [1022:43c7] type 01 class 0x060400
Jan  2 21:37:46 srv20115 kernel: [    0.236337] pci 0000:03:01.0: enabling Extended Tags
Jan  2 21:37:46 srv20115 kernel: [    0.236390] pci 0000:03:01.0: PME# supported from D3hot D3cold
Jan  2 21:37:46 srv20115 kernel: [    0.236451] pci 0000:03:04.0: [1022:43c7] type 01 class 0x060400
Jan  2 21:37:46 srv20115 kernel: [    0.236509] pci 0000:03:04.0: enabling Extended Tags
Jan  2 21:37:46 srv20115 kernel: [    0.236562] pci 0000:03:04.0: PME# supported from D3hot D3cold
Jan  2 21:37:46 srv20115 kernel: [    0.236627] pci 0000:03:08.0: [1022:43c7] type 01 class 0x060400
Jan  2 21:37:46 srv20115 kernel: [    0.236684] pci 0000:03:08.0: enabling Extended Tags
Jan  2 21:37:46 srv20115 kernel: [    0.236737] pci 0000:03:08.0: PME# supported from D3hot D3cold
Jan  2 21:37:46 srv20115 kernel: [    0.236812] pci 0000:02:00.2: PCI bridge to [bus 03-07]
Jan  2 21:37:46 srv20115 kernel: [    0.236817] pci 0000:02:00.2:   bridge window [io  0xf000-0xffff]
Jan  2 21:37:46 srv20115 kernel: [    0.236819] pci 0000:02:00.2:   bridge window [mem 0xf6500000-0xf66fffff]
Jan  2 21:37:46 srv20115 kernel: [    0.236861] pci 0000:03:00.0: PCI bridge to [bus 04]
Jan  2 21:37:46 srv20115 kernel: [    0.236932] pci 0000:05:00.0: [10ec:8168] type 00 class 0x020000
Jan  2 21:37:46 srv20115 kernel: [    0.236977] pci 0000:05:00.0: reg 0x10: [io  0xf000-0xf0ff]
Jan  2 21:37:46 srv20115 kernel: [    0.237016] pci 0000:05:00.0: reg 0x18: [mem 0xf6604000-0xf6604fff 64bit]
Jan  2 21:37:46 srv20115 kernel: [    0.237040] pci 0000:05:00.0: reg 0x20: [mem 0xf6600000-0xf6603fff 64bit]
Jan  2 21:37:46 srv20115 kernel: [    0.237179] pci 0000:05:00.0: supports D1 D2
Jan  2 21:37:46 srv20115 kernel: [    0.237180] pci 0000:05:00.0: PME# supported from D0 D1 D2 D3hot D3cold
Jan  2 21:37:46 srv20115 kernel: [    0.248038] pci 0000:03:01.0: PCI bridge to [bus 05]
Jan  2 21:37:46 srv20115 kernel: [    0.248043] pci 0000:03:01.0:   bridge window [io  0xf000-0xffff]
Jan  2 21:37:46 srv20115 kernel: [    0.248046] pci 0000:03:01.0:   bridge window [mem 0xf6600000-0xf66fffff]
Jan  2 21:37:46 srv20115 kernel: [    0.248089] pci 0000:03:04.0: PCI bridge to [bus 06]
Jan  2 21:37:46 srv20115 kernel: [    0.248149] pci 0000:07:00.0: [144d:a808] type 00 class 0x010802
Jan  2 21:37:46 srv20115 kernel: [    0.248192] pci 0000:07:00.0: reg 0x10: [mem 0xf6500000-0xf6503fff 64bit]
Jan  2 21:37:46 srv20115 kernel: [    0.260033] pci 0000:03:08.0: PCI bridge to [bus 07]
Jan  2 21:37:46 srv20115 kernel: [    0.260040] pci 0000:03:08.0:   bridge window [mem 0xf6500000-0xf65fffff]
Jan  2 21:37:46 srv20115 kernel: [    0.260106] pci 0000:08:00.0: [10de:128b] type 00 class 0x030000
Jan  2 21:37:46 srv20115 kernel: [    0.260122] pci 0000:08:00.0: reg 0x10: [mem 0xf5000000-0xf5ffffff]
Jan  2 21:37:46 srv20115 kernel: [    0.260131] pci 0000:08:00.0: reg 0x14: [mem 0xe8000000-0xefffffff 64bit pref]
Jan  2 21:37:46 srv20115 kernel: [    0.260141] pci 0000:08:00.0: reg 0x1c: [mem 0xf0000000-0xf1ffffff 64bit pref]
Jan  2 21:37:46 srv20115 kernel: [    0.260147] pci 0000:08:00.0: reg 0x24: [io  0xe000-0xe07f]
Jan  2 21:37:46 srv20115 kernel: [    0.260153] pci 0000:08:00.0: reg 0x30: [mem 0xf6000000-0xf607ffff pref]
Jan  2 21:37:46 srv20115 kernel: [    0.260230] pci 0000:08:00.1: [10de:0e0f] type 00 class 0x040300
Jan  2 21:37:46 srv20115 kernel: [    0.260243] pci 0000:08:00.1: reg 0x10: [mem 0xf6080000-0xf6083fff]
Jan  2 21:37:46 srv20115 kernel: [    0.260345] pci 0000:00:03.1: PCI bridge to [bus 08]
Jan  2 21:37:46 srv20115 kernel: [    0.260347] pci 0000:00:03.1:   bridge window [io  0xe000-0xefff]
Jan  2 21:37:46 srv20115 kernel: [    0.260349] pci 0000:00:03.1:   bridge window [mem 0xf5000000-0xf60fffff]
Jan  2 21:37:46 srv20115 kernel: [    0.260352] pci 0000:00:03.1:   bridge window [mem 0xe8000000-0xf1ffffff 64bit pref]
Jan  2 21:37:46 srv20115 kernel: [    0.260383] pci 0000:09:00.0: [1022:148a] type 00 class 0x130000
Jan  2 21:37:46 srv20115 kernel: [    0.260424] pci 0000:09:00.0: enabling Extended Tags
Jan  2 21:37:46 srv20115 kernel: [    0.260508] pci 0000:00:07.1: PCI bridge to [bus 09]
Jan  2 21:37:46 srv20115 kernel: [    0.260555] pci 0000:0a:00.0: [1022:1485] type 00 class 0x130000
Jan  2 21:37:46 srv20115 kernel: [    0.260604] pci 0000:0a:00.0: enabling Extended Tags
Jan  2 21:37:46 srv20115 kernel: [    0.260682] pci 0000:0a:00.1: [1022:1486] type 00 class 0x108000
Jan  2 21:37:46 srv20115 kernel: [    0.260707] pci 0000:0a:00.1: reg 0x18: [mem 0xf6300000-0xf63fffff]
Jan  2 21:37:46 srv20115 kernel: [    0.260722] pci 0000:0a:00.1: reg 0x24: [mem 0xf6408000-0xf6409fff]
Jan  2 21:37:46 srv20115 kernel: [    0.260731] pci 0000:0a:00.1: enabling Extended Tags
Jan  2 21:37:46 srv20115 kernel: [    0.260807] pci 0000:0a:00.3: [1022:149c] type 00 class 0x0c0330
Jan  2 21:37:46 srv20115 kernel: [    0.260825] pci 0000:0a:00.3: reg 0x10: [mem 0xf6200000-0xf62fffff 64bit]
Jan  2 21:37:46 srv20115 kernel: [    0.260854] pci 0000:0a:00.3: enabling Extended Tags
Jan  2 21:37:46 srv20115 kernel: [    0.260895] pci 0000:0a:00.3: PME# supported from D0 D3hot D3cold
Jan  2 21:37:46 srv20115 kernel: [    0.260936] pci 0000:0a:00.4: [1022:1487] type 00 class 0x040300
Jan  2 21:37:46 srv20115 kernel: [    0.260951] pci 0000:0a:00.4: reg 0x10: [mem 0xf6400000-0xf6407fff]
Jan  2 21:37:46 srv20115 kernel: [    0.260985] pci 0000:0a:00.4: enabling Extended Tags
Jan  2 21:37:46 srv20115 kernel: [    0.261022] pci 0000:0a:00.4: PME# supported from D0 D3hot D3cold
Jan  2 21:37:46 srv20115 kernel: [    0.261092] pci 0000:00:08.1: PCI bridge to [bus 0a]
Jan  2 21:37:46 srv20115 kernel: [    0.261095] pci 0000:00:08.1:   bridge window [mem 0xf6200000-0xf64fffff]
Jan  2 21:37:46 srv20115 kernel: [    0.261133] pci 0000:0b:00.0: [1022:7901] type 00 class 0x010601
Jan  2 21:37:46 srv20115 kernel: [    0.261175] pci 0000:0b:00.0: reg 0x24: [mem 0xf6900000-0xf69007ff]
Jan  2 21:37:46 srv20115 kernel: [    0.261184] pci 0000:0b:00.0: enabling Extended Tags
Jan  2 21:37:46 srv20115 kernel: [    0.261231] pci 0000:0b:00.0: PME# supported from D3hot D3cold
Jan  2 21:37:46 srv20115 kernel: [    0.261297] pci 0000:00:08.2: PCI bridge to [bus 0b]
Jan  2 21:37:46 srv20115 kernel: [    0.261301] pci 0000:00:08.2:   bridge window [mem 0xf6900000-0xf69fffff]
Jan  2 21:37:46 srv20115 kernel: [    0.261337] pci 0000:0c:00.0: [1022:7901] type 00 class 0x010601
Jan  2 21:37:46 srv20115 kernel: [    0.261379] pci 0000:0c:00.0: reg 0x24: [mem 0xf6800000-0xf68007ff]
Jan  2 21:37:46 srv20115 kernel: [    0.261388] pci 0000:0c:00.0: enabling Extended Tags
Jan  2 21:37:46 srv20115 kernel: [    0.261435] pci 0000:0c:00.0: PME# supported from D3hot D3cold
Jan  2 21:37:46 srv20115 kernel: [    0.261501] pci 0000:00:08.3: PCI bridge to [bus 0c]
Jan  2 21:37:46 srv20115 kernel: [    0.261505] pci 0000:00:08.3:   bridge window [mem 0xf6800000-0xf68fffff]
Jan  2 21:37:46 srv20115 kernel: [    0.261790] ACPI: PCI Interrupt Link [LNKA] (IRQs 4 5 7 10 11 14 15) *0
Jan  2 21:37:46 srv20115 kernel: [    0.261830] ACPI: PCI Interrupt Link [LNKB] (IRQs 4 5 7 10 11 14 15) *0
Jan  2 21:37:46 srv20115 kernel: [    0.261864] ACPI: PCI Interrupt Link [LNKC] (IRQs 4 5 7 10 11 14 15) *0
Jan  2 21:37:46 srv20115 kernel: [    0.261907] ACPI: PCI Interrupt Link [LNKD] (IRQs 4 5 7 10 11 14 15) *0
Jan  2 21:37:46 srv20115 kernel: [    0.261947] ACPI: PCI Interrupt Link [LNKE] (IRQs 4 5 7 10 11 14 15) *0
Jan  2 21:37:46 srv20115 kernel: [    0.261978] ACPI: PCI Interrupt Link [LNKF] (IRQs 4 5 7 10 11 14 15) *0
Jan  2 21:37:46 srv20115 kernel: [    0.262010] ACPI: PCI Interrupt Link [LNKG] (IRQs 4 5 7 10 11 14 15) *0
Jan  2 21:37:46 srv20115 kernel: [    0.262042] ACPI: PCI Interrupt Link [LNKH] (IRQs 4 5 7 10 11 14 15) *0
Jan  2 21:37:46 srv20115 kernel: [    0.264001] SCSI subsystem initialized
Jan  2 21:37:46 srv20115 kernel: [    0.264005] libata version 3.00 loaded.
Jan  2 21:37:46 srv20115 kernel: [    0.264010] pci 0000:08:00.0: vgaarb: setting as boot VGA device
Jan  2 21:37:46 srv20115 kernel: [    0.264010] pci 0000:08:00.0: vgaarb: VGA device added: decodes=io+mem,owns=io+mem,locks=none
Jan  2 21:37:46 srv20115 kernel: [    0.264010] pci 0000:08:00.0: vgaarb: bridge control possible
Jan  2 21:37:46 srv20115 kernel: [    0.264010] vgaarb: loaded
Jan  2 21:37:46 srv20115 kernel: [    0.264015] ACPI: bus type USB registered
Jan  2 21:37:46 srv20115 kernel: [    0.264021] usbcore: registered new interface driver usbfs
Jan  2 21:37:46 srv20115 kernel: [    0.264025] usbcore: registered new interface driver hub
Jan  2 21:37:46 srv20115 kernel: [    0.264047] usbcore: registered new device driver usb
Jan  2 21:37:46 srv20115 kernel: [    0.264073] EDAC MC: Ver: 3.0.0
Jan  2 21:37:46 srv20115 kernel: [    0.264102] PCI: Using ACPI for IRQ routing
Jan  2 21:37:46 srv20115 kernel: [    0.264457] PCI: pci_cache_line_size set to 64 bytes
Jan  2 21:37:46 srv20115 kernel: [    0.264526] e820: reserve RAM buffer [mem 0x0009ec00-0x0009ffff]
Jan  2 21:37:46 srv20115 kernel: [    0.264527] e820: reserve RAM buffer [mem 0x09e10000-0x0bffffff]
Jan  2 21:37:46 srv20115 kernel: [    0.264527] e820: reserve RAM buffer [mem 0x0a200000-0x0bffffff]
Jan  2 21:37:46 srv20115 kernel: [    0.264528] e820: reserve RAM buffer [mem 0x0b000000-0x0bffffff]
Jan  2 21:37:46 srv20115 kernel: [    0.264528] e820: reserve RAM buffer [mem 0xd167e000-0xd3ffffff]
Jan  2 21:37:46 srv20115 kernel: [    0.264528] e820: reserve RAM buffer [mem 0xda5eb000-0xdbffffff]
Jan  2 21:37:46 srv20115 kernel: [    0.264529] e820: reserve RAM buffer [mem 0xda86f000-0xdbffffff]
Jan  2 21:37:46 srv20115 kernel: [    0.264529] e820: reserve RAM buffer [mem 0xde000000-0xdfffffff]
Jan  2 21:37:46 srv20115 kernel: [    0.264530] e820: reserve RAM buffer [mem 0x101f380000-0x101fffffff]
Jan  2 21:37:46 srv20115 kernel: [    0.264578] NetLabel: Initializing
Jan  2 21:37:46 srv20115 kernel: [    0.264578] NetLabel:  domain hash size = 128
Jan  2 21:37:46 srv20115 kernel: [    0.264578] NetLabel:  protocols = UNLABELED CIPSOv4 CALIPSO
Jan  2 21:37:46 srv20115 kernel: [    0.264587] NetLabel:  unlabeled traffic allowed by default
Jan  2 21:37:46 srv20115 kernel: [    0.264593] hpet0: at MMIO 0xfed00000, IRQs 2, 8, 0
Jan  2 21:37:46 srv20115 kernel: [    0.264593] hpet0: 3 comparators, 32-bit 14.318180 MHz counter
Jan  2 21:37:46 srv20115 kernel: [    0.268002] clocksource: Switched to clocksource hpet
Jan  2 21:37:46 srv20115 kernel: [    0.274297] VFS: Disk quotas dquot_6.6.0
Jan  2 21:37:46 srv20115 kernel: [    0.274307] VFS: Dquot-cache hash table entries: 512 (order 0, 4096 bytes)
Jan  2 21:37:46 srv20115 kernel: [    0.274366] AppArmor: AppArmor Filesystem Enabled
Jan  2 21:37:46 srv20115 kernel: [    0.274374] pnp: PnP ACPI init
Jan  2 21:37:46 srv20115 kernel: [    0.274433] system 00:00: [mem 0xf8000000-0xfbffffff] has been reserved
Jan  2 21:37:46 srv20115 kernel: [    0.274435] system 00:00: Plug and Play ACPI device, IDs PNP0c01 (active)
Jan  2 21:37:46 srv20115 kernel: [    0.274493] system 00:01: [mem 0xfd000000-0xfd0fffff] has been reserved
Jan  2 21:37:46 srv20115 kernel: [    0.274494] system 00:01: Plug and Play ACPI device, IDs PNP0c02 (active)
Jan  2 21:37:46 srv20115 kernel: [    0.274525] pnp 00:02: Plug and Play ACPI device, IDs PNP0b00 (active)
Jan  2 21:37:46 srv20115 kernel: [    0.274635] system 00:03: [io  0x0300-0x030f] has been reserved
Jan  2 21:37:46 srv20115 kernel: [    0.274637] system 00:03: [io  0x0230-0x023f] has been reserved
Jan  2 21:37:46 srv20115 kernel: [    0.274637] system 00:03: [io  0x0290-0x029f] has been reserved
Jan  2 21:37:46 srv20115 kernel: [    0.274639] system 00:03: Plug and Play ACPI device, IDs PNP0c02 (active)
Jan  2 21:37:46 srv20115 kernel: [    0.274841] pnp 00:04: [dma 0 disabled]
Jan  2 21:37:46 srv20115 kernel: [    0.274860] pnp 00:04: Plug and Play ACPI device, IDs PNP0501 (active)
Jan  2 21:37:46 srv20115 kernel: [    0.275009] system 00:05: [io  0x04d0-0x04d1] has been reserved
Jan  2 21:37:46 srv20115 kernel: [    0.275010] system 00:05: [io  0x040b] has been reserved
Jan  2 21:37:46 srv20115 kernel: [    0.275010] system 00:05: [io  0x04d6] has been reserved
Jan  2 21:37:46 srv20115 kernel: [    0.275011] system 00:05: [io  0x0c00-0x0c01] has been reserved
Jan  2 21:37:46 srv20115 kernel: [    0.275012] system 00:05: [io  0x0c14] has been reserved
Jan  2 21:37:46 srv20115 kernel: [    0.275012] system 00:05: [io  0x0c50-0x0c51] has been reserved
Jan  2 21:37:46 srv20115 kernel: [    0.275013] system 00:05: [io  0x0c52] has been reserved
Jan  2 21:37:46 srv20115 kernel: [    0.275013] system 00:05: [io  0x0c6c] has been reserved
Jan  2 21:37:46 srv20115 kernel: [    0.275014] system 00:05: [io  0x0c6f] has been reserved
Jan  2 21:37:46 srv20115 kernel: [    0.275014] system 00:05: [io  0x0cd0-0x0cd1] has been reserved
Jan  2 21:37:46 srv20115 kernel: [    0.275015] system 00:05: [io  0x0cd2-0x0cd3] has been reserved
Jan  2 21:37:46 srv20115 kernel: [    0.275016] system 00:05: [io  0x0cd4-0x0cd5] has been reserved
Jan  2 21:37:46 srv20115 kernel: [    0.275016] system 00:05: [io  0x0cd6-0x0cd7] has been reserved
Jan  2 21:37:46 srv20115 kernel: [    0.275017] system 00:05: [io  0x0cd8-0x0cdf] has been reserved
Jan  2 21:37:46 srv20115 kernel: [    0.275017] system 00:05: [io  0x0800-0x089f] has been reserved
Jan  2 21:37:46 srv20115 kernel: [    0.275018] system 00:05: [io  0x0b00-0x0b0f] has been reserved
Jan  2 21:37:46 srv20115 kernel: [    0.275018] system 00:05: [io  0x0b20-0x0b3f] has been reserved
Jan  2 21:37:46 srv20115 kernel: [    0.275019] system 00:05: [io  0x0900-0x090f] has been reserved
Jan  2 21:37:46 srv20115 kernel: [    0.275020] system 00:05: [io  0x0910-0x091f] has been reserved
Jan  2 21:37:46 srv20115 kernel: [    0.275021] system 00:05: [mem 0xfec00000-0xfec00fff] could not be reserved
Jan  2 21:37:46 srv20115 kernel: [    0.275021] system 00:05: [mem 0xfec01000-0xfec01fff] could not be reserved
Jan  2 21:37:46 srv20115 kernel: [    0.275022] system 00:05: [mem 0xfedc0000-0xfedc0fff] has been reserved
Jan  2 21:37:46 srv20115 kernel: [    0.275023] system 00:05: [mem 0xfee00000-0xfee00fff] has been reserved
Jan  2 21:37:46 srv20115 kernel: [    0.275023] system 00:05: [mem 0xfed80000-0xfed8ffff] could not be reserved
Jan  2 21:37:46 srv20115 kernel: [    0.275024] system 00:05: [mem 0xfec10000-0xfec10fff] has been reserved
Jan  2 21:37:46 srv20115 kernel: [    0.275024] system 00:05: [mem 0xff000000-0xffffffff] has been reserved
Jan  2 21:37:46 srv20115 kernel: [    0.275026] system 00:05: Plug and Play ACPI device, IDs PNP0c02 (active)
Jan  2 21:37:46 srv20115 kernel: [    0.275330] pnp: PnP ACPI: found 6 devices
Jan  2 21:37:46 srv20115 kernel: [    0.280948] clocksource: acpi_pm: mask: 0xffffff max_cycles: 0xffffff, max_idle_ns: 2085701024 ns
Jan  2 21:37:46 srv20115 kernel: [    0.280958] pci 0000:00:01.1: PCI bridge to [bus 01]
Jan  2 21:37:46 srv20115 kernel: [    0.280962] pci 0000:00:01.1:   bridge window [mem 0xf6a00000-0xf6afffff]
Jan  2 21:37:46 srv20115 kernel: [    0.280967] pci 0000:03:00.0: PCI bridge to [bus 04]
Jan  2 21:37:46 srv20115 kernel: [    0.280978] pci 0000:03:01.0: PCI bridge to [bus 05]
Jan  2 21:37:46 srv20115 kernel: [    0.280980] pci 0000:03:01.0:   bridge window [io  0xf000-0xffff]
Jan  2 21:37:46 srv20115 kernel: [    0.280984] pci 0000:03:01.0:   bridge window [mem 0xf6600000-0xf66fffff]
Jan  2 21:37:46 srv20115 kernel: [    0.280991] pci 0000:03:04.0: PCI bridge to [bus 06]
Jan  2 21:37:46 srv20115 kernel: [    0.281002] pci 0000:03:08.0: PCI bridge to [bus 07]
Jan  2 21:37:46 srv20115 kernel: [    0.281006] pci 0000:03:08.0:   bridge window [mem 0xf6500000-0xf65fffff]
Jan  2 21:37:46 srv20115 kernel: [    0.281013] pci 0000:02:00.2: PCI bridge to [bus 03-07]
Jan  2 21:37:46 srv20115 kernel: [    0.281015] pci 0000:02:00.2:   bridge window [io  0xf000-0xffff]
Jan  2 21:37:46 srv20115 kernel: [    0.281019] pci 0000:02:00.2:   bridge window [mem 0xf6500000-0xf66fffff]
Jan  2 21:37:46 srv20115 kernel: [    0.281026] pci 0000:00:01.3: PCI bridge to [bus 02-07]
Jan  2 21:37:46 srv20115 kernel: [    0.281027] pci 0000:00:01.3:   bridge window [io  0xf000-0xffff]
Jan  2 21:37:46 srv20115 kernel: [    0.281030] pci 0000:00:01.3:   bridge window [mem 0xf6500000-0xf67fffff]
Jan  2 21:37:46 srv20115 kernel: [    0.281034] pci 0000:00:03.1: PCI bridge to [bus 08]
Jan  2 21:37:46 srv20115 kernel: [    0.281035] pci 0000:00:03.1:   bridge window [io  0xe000-0xefff]
Jan  2 21:37:46 srv20115 kernel: [    0.281038] pci 0000:00:03.1:   bridge window [mem 0xf5000000-0xf60fffff]
Jan  2 21:37:46 srv20115 kernel: [    0.281040] pci 0000:00:03.1:   bridge window [mem 0xe8000000-0xf1ffffff 64bit pref]
Jan  2 21:37:46 srv20115 kernel: [    0.281043] pci 0000:00:07.1: PCI bridge to [bus 09]
Jan  2 21:37:46 srv20115 kernel: [    0.281049] pci 0000:00:08.1: PCI bridge to [bus 0a]
Jan  2 21:37:46 srv20115 kernel: [    0.281051] pci 0000:00:08.1:   bridge window [mem 0xf6200000-0xf64fffff]
Jan  2 21:37:46 srv20115 kernel: [    0.281055] pci 0000:00:08.2: PCI bridge to [bus 0b]
Jan  2 21:37:46 srv20115 kernel: [    0.281057] pci 0000:00:08.2:   bridge window [mem 0xf6900000-0xf69fffff]
Jan  2 21:37:46 srv20115 kernel: [    0.281061] pci 0000:00:08.3: PCI bridge to [bus 0c]
Jan  2 21:37:46 srv20115 kernel: [    0.281064] pci 0000:00:08.3:   bridge window [mem 0xf6800000-0xf68fffff]
Jan  2 21:37:46 srv20115 kernel: [    0.281068] pci_bus 0000:00: resource 4 [io  0x0000-0x03af window]
Jan  2 21:37:46 srv20115 kernel: [    0.281069] pci_bus 0000:00: resource 5 [io  0x03e0-0x0cf7 window]
Jan  2 21:37:46 srv20115 kernel: [    0.281070] pci_bus 0000:00: resource 6 [io  0x03b0-0x03df window]
Jan  2 21:37:46 srv20115 kernel: [    0.281070] pci_bus 0000:00: resource 7 [io  0x0d00-0xffff window]
Jan  2 21:37:46 srv20115 kernel: [    0.281071] pci_bus 0000:00: resource 8 [mem 0x000a0000-0x000bffff window]
Jan  2 21:37:46 srv20115 kernel: [    0.281071] pci_bus 0000:00: resource 9 [mem 0x000c0000-0x000dffff window]
Jan  2 21:37:46 srv20115 kernel: [    0.281072] pci_bus 0000:00: resource 10 [mem 0xe0000000-0xf7ffffff window]
Jan  2 21:37:46 srv20115 kernel: [    0.281073] pci_bus 0000:01: resource 1 [mem 0xf6a00000-0xf6afffff]
Jan  2 21:37:46 srv20115 kernel: [    0.281073] pci_bus 0000:02: resource 0 [io  0xf000-0xffff]
Jan  2 21:37:46 srv20115 kernel: [    0.281074] pci_bus 0000:02: resource 1 [mem 0xf6500000-0xf67fffff]
Jan  2 21:37:46 srv20115 kernel: [    0.281075] pci_bus 0000:03: resource 0 [io  0xf000-0xffff]
Jan  2 21:37:46 srv20115 kernel: [    0.281075] pci_bus 0000:03: resource 1 [mem 0xf6500000-0xf66fffff]
Jan  2 21:37:46 srv20115 kernel: [    0.281076] pci_bus 0000:05: resource 0 [io  0xf000-0xffff]
Jan  2 21:37:46 srv20115 kernel: [    0.281077] pci_bus 0000:05: resource 1 [mem 0xf6600000-0xf66fffff]
Jan  2 21:37:46 srv20115 kernel: [    0.281077] pci_bus 0000:07: resource 1 [mem 0xf6500000-0xf65fffff]
Jan  2 21:37:46 srv20115 kernel: [    0.281078] pci_bus 0000:08: resource 0 [io  0xe000-0xefff]
Jan  2 21:37:46 srv20115 kernel: [    0.281078] pci_bus 0000:08: resource 1 [mem 0xf5000000-0xf60fffff]
Jan  2 21:37:46 srv20115 kernel: [    0.281079] pci_bus 0000:08: resource 2 [mem 0xe8000000-0xf1ffffff 64bit pref]
Jan  2 21:37:46 srv20115 kernel: [    0.281080] pci_bus 0000:0a: resource 1 [mem 0xf6200000-0xf64fffff]
Jan  2 21:37:46 srv20115 kernel: [    0.281080] pci_bus 0000:0b: resource 1 [mem 0xf6900000-0xf69fffff]
Jan  2 21:37:46 srv20115 kernel: [    0.281081] pci_bus 0000:0c: resource 1 [mem 0xf6800000-0xf68fffff]
Jan  2 21:37:46 srv20115 kernel: [    0.281144] NET: Registered protocol family 2
Jan  2 21:37:46 srv20115 kernel: [    0.281311] TCP established hash table entries: 524288 (order: 10, 4194304 bytes)
Jan  2 21:37:46 srv20115 kernel: [    0.281788] TCP bind hash table entries: 65536 (order: 8, 1048576 bytes)
Jan  2 21:37:46 srv20115 kernel: [    0.281868] TCP: Hash tables configured (established 524288 bind 65536)
Jan  2 21:37:46 srv20115 kernel: [    0.281913] UDP hash table entries: 32768 (order: 8, 1048576 bytes)
Jan  2 21:37:46 srv20115 kernel: [    0.282007] UDP-Lite hash table entries: 32768 (order: 8, 1048576 bytes)
Jan  2 21:37:46 srv20115 kernel: [    0.282123] NET: Registered protocol family 1
Jan  2 21:37:46 srv20115 kernel: [    0.282249] pci 0000:08:00.0: Video device with shadowed ROM at [mem 0x000c0000-0x000dffff]
Jan  2 21:37:46 srv20115 kernel: [    0.282253] pci 0000:08:00.1: Linked as a consumer to 0000:08:00.0
Jan  2 21:37:46 srv20115 kernel: [    0.282254] pci 0000:08:00.1: D0 power state depends on 0000:08:00.0
Jan  2 21:37:46 srv20115 kernel: [    0.282373] PCI: CLS 64 bytes, default 64
Jan  2 21:37:46 srv20115 kernel: [    0.282390] Unpacking initramfs...
Jan  2 21:37:46 srv20115 kernel: [    0.593819] Freeing initrd memory: 38680K
Jan  2 21:37:46 srv20115 kernel: [    0.593850] AMD-Vi: IOMMU performance counters supported
Jan  2 21:37:46 srv20115 kernel: [    0.594111] iommu: Adding device 0000:00:01.0 to group 0
Jan  2 21:37:46 srv20115 kernel: [    0.594218] iommu: Adding device 0000:00:01.1 to group 1
Jan  2 21:37:46 srv20115 kernel: [    0.594334] iommu: Adding device 0000:00:01.3 to group 2
Jan  2 21:37:46 srv20115 kernel: [    0.594439] iommu: Adding device 0000:00:02.0 to group 3
Jan  2 21:37:46 srv20115 kernel: [    0.594552] iommu: Adding device 0000:00:03.0 to group 4
Jan  2 21:37:46 srv20115 kernel: [    0.594660] iommu: Adding device 0000:00:03.1 to group 5
Jan  2 21:37:46 srv20115 kernel: [    0.594770] iommu: Adding device 0000:00:04.0 to group 6
Jan  2 21:37:46 srv20115 kernel: [    0.594875] iommu: Adding device 0000:00:05.0 to group 7
Jan  2 21:37:46 srv20115 kernel: [    0.594991] iommu: Adding device 0000:00:07.0 to group 8
Jan  2 21:37:46 srv20115 kernel: [    0.595098] iommu: Adding device 0000:00:07.1 to group 9
Jan  2 21:37:46 srv20115 kernel: [    0.595227] iommu: Adding device 0000:00:08.0 to group 10
Jan  2 21:37:46 srv20115 kernel: [    0.595338] iommu: Adding device 0000:00:08.1 to group 11
Jan  2 21:37:46 srv20115 kernel: [    0.595445] iommu: Adding device 0000:00:08.2 to group 12
Jan  2 21:37:46 srv20115 kernel: [    0.595561] iommu: Adding device 0000:00:08.3 to group 13
Jan  2 21:37:46 srv20115 kernel: [    0.595666] iommu: Adding device 0000:00:14.0 to group 14
Jan  2 21:37:46 srv20115 kernel: [    0.595677] iommu: Adding device 0000:00:14.3 to group 14
Jan  2 21:37:46 srv20115 kernel: [    0.595805] iommu: Adding device 0000:00:18.0 to group 15
Jan  2 21:37:46 srv20115 kernel: [    0.595818] iommu: Adding device 0000:00:18.1 to group 15
Jan  2 21:37:46 srv20115 kernel: [    0.595829] iommu: Adding device 0000:00:18.2 to group 15
Jan  2 21:37:46 srv20115 kernel: [    0.595840] iommu: Adding device 0000:00:18.3 to group 15
Jan  2 21:37:46 srv20115 kernel: [    0.595851] iommu: Adding device 0000:00:18.4 to group 15
Jan  2 21:37:46 srv20115 kernel: [    0.595863] iommu: Adding device 0000:00:18.5 to group 15
Jan  2 21:37:46 srv20115 kernel: [    0.595874] iommu: Adding device 0000:00:18.6 to group 15
Jan  2 21:37:46 srv20115 kernel: [    0.595885] iommu: Adding device 0000:00:18.7 to group 15
Jan  2 21:37:46 srv20115 kernel: [    0.595993] iommu: Adding device 0000:01:00.0 to group 16
Jan  2 21:37:46 srv20115 kernel: [    0.596160] iommu: Adding device 0000:02:00.0 to group 17
Jan  2 21:37:46 srv20115 kernel: [    0.596181] iommu: Adding device 0000:02:00.1 to group 17
Jan  2 21:37:46 srv20115 kernel: [    0.596201] iommu: Adding device 0000:02:00.2 to group 17
Jan  2 21:37:46 srv20115 kernel: [    0.596214] iommu: Adding device 0000:03:00.0 to group 17
Jan  2 21:37:46 srv20115 kernel: [    0.596227] iommu: Adding device 0000:03:01.0 to group 17
Jan  2 21:37:46 srv20115 kernel: [    0.596240] iommu: Adding device 0000:03:04.0 to group 17
Jan  2 21:37:46 srv20115 kernel: [    0.596253] iommu: Adding device 0000:03:08.0 to group 17
Jan  2 21:37:46 srv20115 kernel: [    0.596275] iommu: Adding device 0000:05:00.0 to group 17
Jan  2 21:37:46 srv20115 kernel: [    0.596296] iommu: Adding device 0000:07:00.0 to group 17
Jan  2 21:37:46 srv20115 kernel: [    0.596412] iommu: Adding device 0000:08:00.0 to group 18
Jan  2 21:37:46 srv20115 kernel: [    0.596431] iommu: Adding device 0000:08:00.1 to group 18
Jan  2 21:37:46 srv20115 kernel: [    0.596550] iommu: Adding device 0000:09:00.0 to group 19
Jan  2 21:37:46 srv20115 kernel: [    0.596666] iommu: Adding device 0000:0a:00.0 to group 20
Jan  2 21:37:46 srv20115 kernel: [    0.596787] iommu: Adding device 0000:0a:00.1 to group 21
Jan  2 21:37:46 srv20115 kernel: [    0.596894] iommu: Adding device 0000:0a:00.3 to group 22
Jan  2 21:37:46 srv20115 kernel: [    0.597010] iommu: Adding device 0000:0a:00.4 to group 23
Jan  2 21:37:46 srv20115 kernel: [    0.597116] iommu: Adding device 0000:0b:00.0 to group 24
Jan  2 21:37:46 srv20115 kernel: [    0.597229] iommu: Adding device 0000:0c:00.0 to group 25
Jan  2 21:37:46 srv20115 kernel: [    0.597366] AMD-Vi: Found IOMMU at 0000:00:00.2 cap 0x40
Jan  2 21:37:46 srv20115 kernel: [    0.597366] AMD-Vi: Extended features (0x58f77ef22294ade):
Jan  2 21:37:46 srv20115 kernel: [    0.597367]  PPR X2APIC NX GT IA GA PC GA_vAPIC
Jan  2 21:37:46 srv20115 kernel: [    0.597368] AMD-Vi: Interrupt remapping enabled
Jan  2 21:37:46 srv20115 kernel: [    0.597369] AMD-Vi: virtual APIC enabled
Jan  2 21:37:46 srv20115 kernel: [    0.597369] AMD-Vi: X2APIC enabled
Jan  2 21:37:46 srv20115 kernel: [    0.597441] AMD-Vi: Lazy IO/TLB flushing enabled
Jan  2 21:37:46 srv20115 kernel: [    0.598008] amd_uncore: AMD NB counters detected
Jan  2 21:37:46 srv20115 kernel: [    0.598011] amd_uncore: AMD LLC counters detected
Jan  2 21:37:46 srv20115 kernel: [    0.598786] LVT offset 0 assigned for vector 0x400
Jan  2 21:37:46 srv20115 kernel: [    0.598993] perf: AMD IBS detected (0x000003ff)
Jan  2 21:37:46 srv20115 kernel: [    0.598997] perf/amd_iommu: Detected AMD IOMMU #0 (2 banks, 4 counters/bank).
Jan  2 21:37:46 srv20115 kernel: [    0.599025] Scanning for low memory corruption every 60 seconds
Jan  2 21:37:46 srv20115 kernel: [    0.599548] Initialise system trusted keyrings
Jan  2 21:37:46 srv20115 kernel: [    0.599555] Key type blacklist registered
Jan  2 21:37:46 srv20115 kernel: [    0.599577] workingset: timestamp_bits=36 max_order=24 bucket_order=0
Jan  2 21:37:46 srv20115 kernel: [    0.600135] zbud: loaded
Jan  2 21:37:46 srv20115 kernel: [    0.600413] squashfs: version 4.0 (2009/01/31) Phillip Lougher
Jan  2 21:37:46 srv20115 kernel: [    0.600517] fuse init (API version 7.26)
Jan  2 21:37:46 srv20115 kernel: [    0.601440] Key type asymmetric registered
Jan  2 21:37:46 srv20115 kernel: [    0.601441] Asymmetric key parser 'x509' registered
Jan  2 21:37:46 srv20115 kernel: [    0.601454] Block layer SCSI generic (bsg) driver version 0.4 loaded (major 246)
Jan  2 21:37:46 srv20115 kernel: [    0.601492] io scheduler noop registered
Jan  2 21:37:46 srv20115 kernel: [    0.601492] io scheduler deadline registered
Jan  2 21:37:46 srv20115 kernel: [    0.601505] io scheduler cfq registered (default)
Jan  2 21:37:46 srv20115 kernel: [    0.602866] pcieport 0000:00:07.1: AER enabled with IRQ 27
Jan  2 21:37:46 srv20115 kernel: [    0.602880] pcieport 0000:00:08.1: AER enabled with IRQ 28
Jan  2 21:37:46 srv20115 kernel: [    0.602893] pcieport 0000:00:08.2: AER enabled with IRQ 29
Jan  2 21:37:46 srv20115 kernel: [    0.602906] pcieport 0000:00:08.3: AER enabled with IRQ 30
Jan  2 21:37:46 srv20115 kernel: [    0.602947] vesafb: mode is 640x480x32, linelength=2560, pages=0
Jan  2 21:37:46 srv20115 kernel: [    0.602947] vesafb: scrolling: redraw
Jan  2 21:37:46 srv20115 kernel: [    0.602948] vesafb: Truecolor: size=8:8:8:8, shift=24:16:8:0
Jan  2 21:37:46 srv20115 kernel: [    0.602953] vesafb: framebuffer at 0xf1000000, mapped to 0x        (ptrval), using 1216k, total 1216k
Jan  2 21:37:46 srv20115 kernel: [    0.607051] Console: switching to colour frame buffer device 80x30
Jan  2 21:37:46 srv20115 kernel: [    0.610254] fb0: VESA VGA frame buffer device
Jan  2 21:37:46 srv20115 kernel: [    0.610330] input: Power Button as /devices/LNXSYSTM:00/LNXSYBUS:00/PNP0C0C:00/input/input0
Jan  2 21:37:46 srv20115 kernel: [    0.610335] ACPI: Power Button [PWRB]
Jan  2 21:37:46 srv20115 kernel: [    0.610353] input: Power Button as /devices/LNXSYSTM:00/LNXPWRBN:00/input/input1
Jan  2 21:37:46 srv20115 kernel: [    0.610759] ACPI: Power Button [PWRF]
Jan  2 21:37:46 srv20115 kernel: [    0.610800] Monitor-Mwait will be used to enter C-1 state
Jan  2 21:37:46 srv20115 kernel: [    0.612229] Serial: 8250/16550 driver, 32 ports, IRQ sharing enabled
Jan  2 21:37:46 srv20115 kernel: [    0.632717] 00:04: ttyS0 at I/O 0x3f8 (irq = 4, base_baud = 115200) is a 16550A
Jan  2 21:37:46 srv20115 kernel: [    0.633711] Linux agpgart interface v0.103
Jan  2 21:37:46 srv20115 kernel: [    0.635840] loop: module loaded
Jan  2 21:37:46 srv20115 kernel: [    0.635919] libphy: Fixed MDIO Bus: probed
Jan  2 21:37:46 srv20115 kernel: [    0.635919] tun: Universal TUN/TAP device driver, 1.6
Jan  2 21:37:46 srv20115 kernel: [    0.635937] PPP generic driver version 2.4.2
Jan  2 21:37:46 srv20115 kernel: [    0.635963] ehci_hcd: USB 2.0 'Enhanced' Host Controller (EHCI) Driver
Jan  2 21:37:46 srv20115 kernel: [    0.635964] ehci-pci: EHCI PCI platform driver
Jan  2 21:37:46 srv20115 kernel: [    0.635969] ehci-platform: EHCI generic platform driver
Jan  2 21:37:46 srv20115 kernel: [    0.635972] ohci_hcd: USB 1.1 'Open' Host Controller (OHCI) Driver
Jan  2 21:37:46 srv20115 kernel: [    0.635973] ohci-pci: OHCI PCI platform driver
Jan  2 21:37:46 srv20115 kernel: [    0.635977] ohci-platform: OHCI generic platform driver
Jan  2 21:37:46 srv20115 kernel: [    0.635980] uhci_hcd: USB Universal Host Controller Interface driver
Jan  2 21:37:46 srv20115 kernel: [    0.636040] xhci_hcd 0000:02:00.0: xHCI Host Controller
Jan  2 21:37:46 srv20115 kernel: [    0.636044] xhci_hcd 0000:02:00.0: new USB bus registered, assigned bus number 1
Jan  2 21:37:46 srv20115 kernel: [    0.691368] xhci_hcd 0000:02:00.0: hcc params 0x0200ef81 hci version 0x110 quirks 0x0000000000000410
Jan  2 21:37:46 srv20115 kernel: [    0.691486] usb usb1: New USB device found, idVendor=1d6b, idProduct=0002
Jan  2 21:37:46 srv20115 kernel: [    0.691487] usb usb1: New USB device strings: Mfr=3, Product=2, SerialNumber=1
Jan  2 21:37:46 srv20115 kernel: [    0.691488] usb usb1: Product: xHCI Host Controller
Jan  2 21:37:46 srv20115 kernel: [    0.691488] usb usb1: Manufacturer: Linux 4.15.0-122-generic xhci-hcd
Jan  2 21:37:46 srv20115 kernel: [    0.691489] usb usb1: SerialNumber: 0000:02:00.0
Jan  2 21:37:46 srv20115 kernel: [    0.691555] hub 1-0:1.0: USB hub found
Jan  2 21:37:46 srv20115 kernel: [    0.691567] hub 1-0:1.0: 10 ports detected
Jan  2 21:37:46 srv20115 kernel: [    0.695317] xhci_hcd 0000:02:00.0: xHCI Host Controller
Jan  2 21:37:46 srv20115 kernel: [    0.695319] xhci_hcd 0000:02:00.0: new USB bus registered, assigned bus number 2
Jan  2 21:37:46 srv20115 kernel: [    0.695320] xhci_hcd 0000:02:00.0: Host supports USB 3.10 Enhanced SuperSpeed
Jan  2 21:37:46 srv20115 kernel: [    0.695353] usb usb2: We don't know the algorithms for LPM for this host, disabling LPM.
Jan  2 21:37:46 srv20115 kernel: [    0.695361] usb usb2: New USB device found, idVendor=1d6b, idProduct=0003
Jan  2 21:37:46 srv20115 kernel: [    0.695361] usb usb2: New USB device strings: Mfr=3, Product=2, SerialNumber=1
Jan  2 21:37:46 srv20115 kernel: [    0.695362] usb usb2: Product: xHCI Host Controller
Jan  2 21:37:46 srv20115 kernel: [    0.695362] usb usb2: Manufacturer: Linux 4.15.0-122-generic xhci-hcd
Jan  2 21:37:46 srv20115 kernel: [    0.695363] usb usb2: SerialNumber: 0000:02:00.0
Jan  2 21:37:46 srv20115 kernel: [    0.695421] hub 2-0:1.0: USB hub found
Jan  2 21:37:46 srv20115 kernel: [    0.695427] hub 2-0:1.0: 4 ports detected
Jan  2 21:37:46 srv20115 kernel: [    0.696982] xhci_hcd 0000:0a:00.3: xHCI Host Controller
Jan  2 21:37:46 srv20115 kernel: [    0.696984] xhci_hcd 0000:0a:00.3: new USB bus registered, assigned bus number 3
Jan  2 21:37:46 srv20115 kernel: [    0.697103] xhci_hcd 0000:0a:00.3: hcc params 0x0278ffe5 hci version 0x110 quirks 0x0000000000000410
Jan  2 21:37:46 srv20115 kernel: [    0.697342] usb usb3: New USB device found, idVendor=1d6b, idProduct=0002
Jan  2 21:37:46 srv20115 kernel: [    0.697342] usb usb3: New USB device strings: Mfr=3, Product=2, SerialNumber=1
Jan  2 21:37:46 srv20115 kernel: [    0.697343] usb usb3: Product: xHCI Host Controller
Jan  2 21:37:46 srv20115 kernel: [    0.697343] usb usb3: Manufacturer: Linux 4.15.0-122-generic xhci-hcd
Jan  2 21:37:46 srv20115 kernel: [    0.697344] usb usb3: SerialNumber: 0000:0a:00.3
Jan  2 21:37:46 srv20115 kernel: [    0.697403] hub 3-0:1.0: USB hub found
Jan  2 21:37:46 srv20115 kernel: [    0.697407] hub 3-0:1.0: 4 ports detected
Jan  2 21:37:46 srv20115 kernel: [    0.697481] xhci_hcd 0000:0a:00.3: xHCI Host Controller
Jan  2 21:37:46 srv20115 kernel: [    0.697482] xhci_hcd 0000:0a:00.3: new USB bus registered, assigned bus number 4
Jan  2 21:37:46 srv20115 kernel: [    0.697483] xhci_hcd 0000:0a:00.3: Host supports USB 3.10 Enhanced SuperSpeed
Jan  2 21:37:46 srv20115 kernel: [    0.697491] usb usb4: We don't know the algorithms for LPM for this host, disabling LPM.
Jan  2 21:37:46 srv20115 kernel: [    0.697499] usb usb4: New USB device found, idVendor=1d6b, idProduct=0003
Jan  2 21:37:46 srv20115 kernel: [    0.697499] usb usb4: New USB device strings: Mfr=3, Product=2, SerialNumber=1
Jan  2 21:37:46 srv20115 kernel: [    0.697500] usb usb4: Product: xHCI Host Controller
Jan  2 21:37:46 srv20115 kernel: [    0.697500] usb usb4: Manufacturer: Linux 4.15.0-122-generic xhci-hcd
Jan  2 21:37:46 srv20115 kernel: [    0.697501] usb usb4: SerialNumber: 0000:0a:00.3
Jan  2 21:37:46 srv20115 kernel: [    0.697558] hub 4-0:1.0: USB hub found
Jan  2 21:37:46 srv20115 kernel: [    0.697562] hub 4-0:1.0: 4 ports detected
Jan  2 21:37:46 srv20115 kernel: [    0.697643] i8042: PNP: No PS/2 controller found.
Jan  2 21:37:46 srv20115 kernel: [    0.697693] mousedev: PS/2 mouse device common for all mice
Jan  2 21:37:46 srv20115 kernel: [    0.697764] rtc_cmos 00:02: RTC can wake from S4
Jan  2 21:37:46 srv20115 kernel: [    0.697853] rtc_cmos 00:02: rtc core: registered rtc_cmos as rtc0
Jan  2 21:37:46 srv20115 kernel: [    0.697882] rtc_cmos 00:02: alarms up to one month, y3k, 114 bytes nvram, hpet irqs
Jan  2 21:37:46 srv20115 kernel: [    0.697885] i2c /dev entries driver
Jan  2 21:37:46 srv20115 kernel: [    0.697904] device-mapper: uevent: version 1.0.3
Jan  2 21:37:46 srv20115 kernel: [    0.697933] device-mapper: ioctl: 4.37.0-ioctl (2017-09-20) initialised: dm-devel@redhat.com
Jan  2 21:37:46 srv20115 kernel: [    0.698160] ledtrig-cpu: registered to indicate activity on CPUs
Jan  2 21:37:46 srv20115 kernel: [    0.698431] NET: Registered protocol family 10
Jan  2 21:37:46 srv20115 kernel: [    0.700046] Segment Routing with IPv6
Jan  2 21:37:46 srv20115 kernel: [    0.700056] NET: Registered protocol family 17
Jan  2 21:37:46 srv20115 kernel: [    0.700092] Key type dns_resolver registered
Jan  2 21:37:46 srv20115 kernel: [    0.701159] intel_rdt: Intel RDT L3 allocation detected
Jan  2 21:37:46 srv20115 kernel: [    0.701159] intel_rdt: Intel RDT L3DATA allocation detected
Jan  2 21:37:46 srv20115 kernel: [    0.701159] intel_rdt: Intel RDT L3CODE allocation detected
Jan  2 21:37:46 srv20115 kernel: [    0.701160] intel_rdt: Intel RDT L3 monitoring detected
Jan  2 21:37:46 srv20115 kernel: [    0.701160] mce: Using 28 MCE banks
Jan  2 21:37:46 srv20115 kernel: [    0.701171] RAS: Correctable Errors collector initialized.
Jan  2 21:37:46 srv20115 kernel: [    0.701183] microcode: CPU0: patch_level=0x08701013
Jan  2 21:37:46 srv20115 kernel: [    0.701190] microcode: CPU1: patch_level=0x08701013
Jan  2 21:37:46 srv20115 kernel: [    0.701195] microcode: CPU2: patch_level=0x08701013
Jan  2 21:37:46 srv20115 kernel: [    0.701202] microcode: CPU3: patch_level=0x08701013
Jan  2 21:37:46 srv20115 kernel: [    0.701212] microcode: CPU4: patch_level=0x08701013
Jan  2 21:37:46 srv20115 kernel: [    0.701229] microcode: CPU5: patch_level=0x08701013
Jan  2 21:37:46 srv20115 kernel: [    0.701238] microcode: CPU6: patch_level=0x08701013
Jan  2 21:37:46 srv20115 kernel: [    0.701246] microcode: CPU7: patch_level=0x08701013
Jan  2 21:37:46 srv20115 kernel: [    0.701252] microcode: CPU8: patch_level=0x08701013
Jan  2 21:37:46 srv20115 kernel: [    0.701258] microcode: CPU9: patch_level=0x08701013
Jan  2 21:37:46 srv20115 kernel: [    0.701264] microcode: CPU10: patch_level=0x08701013
Jan  2 21:37:46 srv20115 kernel: [    0.701270] microcode: CPU11: patch_level=0x08701013
Jan  2 21:37:46 srv20115 kernel: [    0.701277] microcode: CPU12: patch_level=0x08701013
Jan  2 21:37:46 srv20115 kernel: [    0.701295] microcode: CPU13: patch_level=0x08701013
Jan  2 21:37:46 srv20115 kernel: [    0.701302] microcode: CPU14: patch_level=0x08701013
Jan  2 21:37:46 srv20115 kernel: [    0.701310] microcode: CPU15: patch_level=0x08701013
Jan  2 21:37:46 srv20115 kernel: [    0.701328] microcode: Microcode Update Driver: v2.2.
Jan  2 21:37:46 srv20115 kernel: [    0.701333] sched_clock: Marking stable (701326162, 0)->(675195250, 26130912)
Jan  2 21:37:46 srv20115 kernel: [    0.701554] registered taskstats version 1
Jan  2 21:37:46 srv20115 kernel: [    0.701558] Loading compiled-in X.509 certificates
Jan  2 21:37:46 srv20115 kernel: [    0.702659] Loaded X.509 cert 'Build time autogenerated kernel key: 1ac9abf9980c816fb9cfffb58ec8b2f33f2baf04'
Jan  2 21:37:46 srv20115 kernel: [    0.702672] zswap: loaded using pool lzo/zbud
Jan  2 21:37:46 srv20115 kernel: [    0.703939] Key type big_key registered
Jan  2 21:37:46 srv20115 kernel: [    0.703941] Key type trusted registered
Jan  2 21:37:46 srv20115 kernel: [    0.704549] Key type encrypted registered
Jan  2 21:37:46 srv20115 kernel: [    0.704551] AppArmor: AppArmor sha1 policy hashing enabled
Jan  2 21:37:46 srv20115 kernel: [    0.704552] ima: No TPM chip found, activating TPM-bypass! (rc=-19)
Jan  2 21:37:46 srv20115 kernel: [    0.704555] ima: Allocated hash algorithm: sha1
Jan  2 21:37:46 srv20115 kernel: [    0.704562] evm: HMAC attrs: 0x1
Jan  2 21:37:46 srv20115 kernel: [    0.704865]   Magic number: 5:820:648
Jan  2 21:37:46 srv20115 kernel: [    0.704905] acpi LNXCPU:01: hash matches
Jan  2 21:37:46 srv20115 kernel: [    0.704951] rtc_cmos 00:02: setting system clock to 2021-01-02 20:37:44 UTC (1609619864)
Jan  2 21:37:46 srv20115 kernel: [    0.705126] acpi_cpufreq: overriding BIOS provided _PSD data
Jan  2 21:37:46 srv20115 kernel: [    0.705447] BIOS EDD facility v0.16 2004-Jun-25, 0 devices found
Jan  2 21:37:46 srv20115 kernel: [    0.705447] EDD information not available.
Jan  2 21:37:46 srv20115 kernel: [    1.032343] usb 3-2: new low-speed USB device number 2 using xhci_hcd
Jan  2 21:37:46 srv20115 kernel: [    1.109927] Freeing unused kernel image memory: 2436K
Jan  2 21:37:46 srv20115 kernel: [    1.144217] Write protecting the kernel read-only data: 20480k
Jan  2 21:37:46 srv20115 kernel: [    1.145481] Freeing unused kernel image memory: 2008K
Jan  2 21:37:46 srv20115 kernel: [    1.145661] Freeing unused kernel image memory: 1872K
Jan  2 21:37:46 srv20115 kernel: [    1.150922] x86/mm: Checked W+X mappings: passed, no W+X pages found.
Jan  2 21:37:46 srv20115 kernel: [    1.189144] ahci 0000:02:00.1: version 3.0
Jan  2 21:37:46 srv20115 kernel: [    1.189249] nvme nvme0: pci function 0000:01:00.0
Jan  2 21:37:46 srv20115 kernel: [    1.189278] ahci 0000:02:00.1: SSS flag set, parallel bus scan disabled
Jan  2 21:37:46 srv20115 kernel: [    1.189287] nvme nvme1: pci function 0000:07:00.0
Jan  2 21:37:46 srv20115 kernel: [    1.189323] ahci 0000:02:00.1: AHCI 0001.0301 32 slots 8 ports 6 Gbps 0x33 impl SATA mode
Jan  2 21:37:46 srv20115 kernel: [    1.189325] ahci 0000:02:00.1: flags: 64bit ncq sntf stag pm led clo only pmp pio slum part sxs deso sadm sds apst 
Jan  2 21:37:46 srv20115 kernel: [    1.189455] piix4_smbus 0000:00:14.0: SMBus Host Controller at 0xb00, revision 0
Jan  2 21:37:46 srv20115 kernel: [    1.189456] piix4_smbus 0000:00:14.0: Using register 0x02 for SMBus port selection
Jan  2 21:37:46 srv20115 kernel: [    1.189587] r8169 Gigabit Ethernet driver 2.3LK-NAPI loaded
Jan  2 21:37:46 srv20115 kernel: [    1.189639] piix4_smbus 0000:00:14.0: Auxiliary SMBus Host Controller at 0xb20
Jan  2 21:37:46 srv20115 kernel: [    1.189774] scsi host0: ahci
Jan  2 21:37:46 srv20115 kernel: [    1.189885] scsi host1: ahci
Jan  2 21:37:46 srv20115 kernel: [    1.189935] scsi host2: ahci
Jan  2 21:37:46 srv20115 kernel: [    1.189972] scsi host3: ahci
Jan  2 21:37:46 srv20115 kernel: [    1.190041] scsi host4: ahci
Jan  2 21:37:46 srv20115 kernel: [    1.190079] scsi host5: ahci
Jan  2 21:37:46 srv20115 kernel: [    1.192010] scsi host6: ahci
Jan  2 21:37:46 srv20115 kernel: [    1.192058] scsi host7: ahci
Jan  2 21:37:46 srv20115 kernel: [    1.192084] ata1: SATA max UDMA/133 abar m131072@0xf6780000 port 0xf6780100 irq 48
Jan  2 21:37:46 srv20115 kernel: [    1.192085] ata2: SATA max UDMA/133 abar m131072@0xf6780000 port 0xf6780180 irq 48
Jan  2 21:37:46 srv20115 kernel: [    1.192086] ata3: DUMMY
Jan  2 21:37:46 srv20115 kernel: [    1.192086] ata4: DUMMY
Jan  2 21:37:46 srv20115 kernel: [    1.192087] ata5: SATA max UDMA/133 abar m131072@0xf6780000 port 0xf6780300 irq 48
Jan  2 21:37:46 srv20115 kernel: [    1.192089] ata6: SATA max UDMA/133 abar m131072@0xf6780000 port 0xf6780380 irq 48
Jan  2 21:37:46 srv20115 kernel: [    1.192089] ata7: DUMMY
Jan  2 21:37:46 srv20115 kernel: [    1.192090] ata8: DUMMY
Jan  2 21:37:46 srv20115 kernel: [    1.192203] ahci 0000:0b:00.0: AHCI 0001.0301 32 slots 1 ports 6 Gbps 0x1 impl SATA mode
Jan  2 21:37:46 srv20115 kernel: [    1.192205] ahci 0000:0b:00.0: flags: 64bit ncq sntf ilck pm led clo only pmp fbs pio slum part 
Jan  2 21:37:46 srv20115 kernel: [    1.192309] scsi host8: ahci
Jan  2 21:37:46 srv20115 kernel: [    1.192333] ata9: SATA max UDMA/133 abar m2048@0xf6900000 port 0xf6900100 irq 53
Jan  2 21:37:46 srv20115 kernel: [    1.192435] ahci 0000:0c:00.0: AHCI 0001.0301 32 slots 1 ports 6 Gbps 0x1 impl SATA mode
Jan  2 21:37:46 srv20115 kernel: [    1.192437] ahci 0000:0c:00.0: flags: 64bit ncq sntf ilck pm led clo only pmp fbs pio slum part 
Jan  2 21:37:46 srv20115 kernel: [    1.192525] scsi host9: ahci
Jan  2 21:37:46 srv20115 kernel: [    1.192543] ata10: SATA max UDMA/133 abar m2048@0xf6800000 port 0xf6800100 irq 55
Jan  2 21:37:46 srv20115 kernel: [    1.197561] usb 3-2: New USB device found, idVendor=0e8f, idProduct=0020
Jan  2 21:37:46 srv20115 kernel: [    1.197562] usb 3-2: New USB device strings: Mfr=1, Product=2, SerialNumber=0
Jan  2 21:37:46 srv20115 kernel: [    1.197563] usb 3-2: Product: PS2toUSB Adapter
Jan  2 21:37:46 srv20115 kernel: [    1.197564] usb 3-2: Manufacturer: GASIA
Jan  2 21:37:46 srv20115 kernel: [    1.200984] r8169 0000:05:00.0 eth0: RTL8168h/8111h at 0x        (ptrval), a8:5e:45:cf:fa:7b, XID 14100880 IRQ 56
Jan  2 21:37:46 srv20115 kernel: [    1.200985] r8169 0000:05:00.0 eth0: jumbo features [frames: 9200 bytes, tx checksumming: ko]
Jan  2 21:37:46 srv20115 kernel: [    1.201447] r8169 0000:05:00.0 enp5s0: renamed from eth0
Jan  2 21:37:46 srv20115 kernel: [    1.204146] hidraw: raw HID events driver (C) Jiri Kosina
Jan  2 21:37:46 srv20115 kernel: [    1.216628] usbcore: registered new interface driver usbhid
Jan  2 21:37:46 srv20115 kernel: [    1.216629] usbhid: USB HID core driver
Jan  2 21:37:46 srv20115 kernel: [    1.217610] input: GASIA PS2toUSB Adapter as /devices/pci0000:00/0000:00:08.1/0000:0a:00.3/usb3/3-2/3-2:1.0/0003:0E8F:0020.0001/input/input2
Jan  2 21:37:46 srv20115 kernel: [    1.276058] hid-generic 0003:0E8F:0020.0001: input,hidraw0: USB HID v1.10 Keyboard [GASIA PS2toUSB Adapter] on usb-0000:0a:00.3-2/input0
Jan  2 21:37:46 srv20115 kernel: [    1.276155] input: GASIA PS2toUSB Adapter as /devices/pci0000:00/0000:00:08.1/0000:0a:00.3/usb3/3-2/3-2:1.1/0003:0E8F:0020.0002/input/input3
Jan  2 21:37:46 srv20115 kernel: [    1.336134] hid-generic 0003:0E8F:0020.0002: input,hidraw1: USB HID v1.10 Mouse [GASIA PS2toUSB Adapter] on usb-0000:0a:00.3-2/input1
Jan  2 21:37:46 srv20115 kernel: [    1.404444] nvme nvme0: missing or invalid SUBNQN field.
Jan  2 21:37:46 srv20115 kernel: [    1.404448] nvme nvme1: missing or invalid SUBNQN field.
Jan  2 21:37:46 srv20115 kernel: [    1.404461] nvme nvme0: Shutdown timeout set to 8 seconds
Jan  2 21:37:46 srv20115 kernel: [    1.404471] nvme nvme1: Shutdown timeout set to 8 seconds
Jan  2 21:37:46 srv20115 kernel: [    1.434451]  nvme0n1: p1 p2 p3 p4
Jan  2 21:37:46 srv20115 kernel: [    1.434777]  nvme1n1: p1 p2 p3 p4
Jan  2 21:37:46 srv20115 kernel: [    1.506281] ata1: SATA link down (SStatus 0 SControl 330)
Jan  2 21:37:46 srv20115 kernel: [    1.506325] ata9: SATA link down (SStatus 0 SControl 300)
Jan  2 21:37:46 srv20115 kernel: [    1.506326] ata10: SATA link down (SStatus 0 SControl 300)
Jan  2 21:37:46 srv20115 kernel: [    1.628001] tsc: Refined TSC clocksource calibration: 3593.251 MHz
Jan  2 21:37:46 srv20115 kernel: [    1.628011] clocksource: tsc: mask: 0xffffffffffffffff max_cycles: 0x33cb6b8595c, max_idle_ns: 440795204037 ns
Jan  2 21:37:46 srv20115 kernel: [    1.818272] ata2: SATA link down (SStatus 0 SControl 330)
Jan  2 21:37:46 srv20115 kernel: [    2.130248] ata5: SATA link down (SStatus 0 SControl 330)
Jan  2 21:37:46 srv20115 kernel: [    2.442292] ata6: SATA link down (SStatus 0 SControl 330)
Jan  2 21:37:46 srv20115 kernel: [    2.475821] random: fast init done
Jan  2 21:37:46 srv20115 kernel: [    2.477368] random: systemd-udevd: uninitialized urandom read (16 bytes read)
Jan  2 21:37:46 srv20115 kernel: [    2.477375] random: systemd-udevd: uninitialized urandom read (16 bytes read)
Jan  2 21:37:46 srv20115 kernel: [    2.477378] random: systemd-udevd: uninitialized urandom read (16 bytes read)
Jan  2 21:37:46 srv20115 kernel: [    2.479746] EXT4-fs (nvme0n1p4): mounted filesystem with ordered data mode. Opts: (null)
Jan  2 21:37:46 srv20115 kernel: [    2.519431] ip_tables: (C) 2000-2006 Netfilter Core Team
Jan  2 21:37:46 srv20115 kernel: [    2.579789] EXT4-fs (nvme0n1p4): re-mounted. Opts: errors=remount-ro
Jan  2 21:37:46 srv20115 kernel: [    2.636714] acpi PNP0C14:01: duplicate WMI GUID 05901221-D566-11D1-B2F0-00A0C9062910 (first instance was on PNP0C14:00)
Jan  2 21:37:46 srv20115 kernel: [    2.639203] shpchp: Standard Hot Plug PCI Controller Driver version: 0.4
Jan  2 21:37:46 srv20115 kernel: [    2.653030] clocksource: Switched to clocksource tsc
Jan  2 21:37:46 srv20115 kernel: [    2.663608] snd_hda_intel 0000:08:00.1: Disabling MSI
Jan  2 21:37:46 srv20115 kernel: [    2.663615] snd_hda_intel 0000:08:00.1: Handle vga_switcheroo audio client
Jan  2 21:37:46 srv20115 kernel: [    2.665875] AVX2 version of gcm_enc/dec engaged.
Jan  2 21:37:46 srv20115 kernel: [    2.665876] AES CTR mode by8 optimization enabled
Jan  2 21:37:46 srv20115 kernel: [    2.674724] Adding 8000508k swap on /dev/nvme0n1p2.  Priority:-2 extents:1 across:8000508k SSFS
Jan  2 21:37:46 srv20115 kernel: [    2.682596] r8169 0000:05:00.0 enp5s0: link down
Jan  2 21:37:46 srv20115 kernel: [    2.682598] r8169 0000:05:00.0 enp5s0: link down
Jan  2 21:37:46 srv20115 kernel: [    2.682689] IPv6: ADDRCONF(NETDEV_UP): enp5s0: link is not ready
Jan  2 21:37:46 srv20115 kernel: [    2.706208] asus_wmi: ASUS WMI generic driver loaded
Jan  2 21:37:46 srv20115 kernel: [    2.707063] snd_hda_codec_realtek hdaudioC1D0: ALCS1200A: SKU not ready 0x00000000
Jan  2 21:37:46 srv20115 kernel: [    2.707378] asus_wmi: Initialization: 0x0
Jan  2 21:37:46 srv20115 kernel: [    2.707412] asus_wmi: BIOS WMI version: 0.9
Jan  2 21:37:46 srv20115 kernel: [    2.707438] snd_hda_codec_realtek hdaudioC1D0: autoconfig for ALCS1200A: line_outs=1 (0x14/0x0/0x0/0x0/0x0) type:line
Jan  2 21:37:46 srv20115 kernel: [    2.707440] snd_hda_codec_realtek hdaudioC1D0:    speaker_outs=0 (0x0/0x0/0x0/0x0/0x0)
Jan  2 21:37:46 srv20115 kernel: [    2.707441] snd_hda_codec_realtek hdaudioC1D0:    hp_outs=1 (0x1b/0x0/0x0/0x0/0x0)
Jan  2 21:37:46 srv20115 kernel: [    2.707442] snd_hda_codec_realtek hdaudioC1D0:    mono: mono_out=0x0
Jan  2 21:37:46 srv20115 kernel: [    2.707442] snd_hda_codec_realtek hdaudioC1D0:    dig-out=0x11/0x0
Jan  2 21:37:46 srv20115 kernel: [    2.707443] snd_hda_codec_realtek hdaudioC1D0:    inputs:
Jan  2 21:37:46 srv20115 kernel: [    2.707444] snd_hda_codec_realtek hdaudioC1D0:      Front Mic=0x19
Jan  2 21:37:46 srv20115 kernel: [    2.707445] snd_hda_codec_realtek hdaudioC1D0:      Rear Mic=0x18
Jan  2 21:37:46 srv20115 kernel: [    2.707447] snd_hda_codec_realtek hdaudioC1D0:      Line=0x1a
Jan  2 21:37:46 srv20115 kernel: [    2.707579] asus_wmi: SFUN value: 0x0
Jan  2 21:37:46 srv20115 kernel: [    2.708150] input: Eee PC WMI hotkeys as /devices/platform/eeepc-wmi/input/input4
Jan  2 21:37:46 srv20115 kernel: [    2.708350] asus_wmi: Number of fans: 1
Jan  2 21:37:46 srv20115 kernel: [    2.709491] checking generic (f1000000 130000) vs hw (e8000000 8000000)
Jan  2 21:37:46 srv20115 kernel: [    2.709492] checking generic (f1000000 130000) vs hw (f0000000 2000000)
Jan  2 21:37:46 srv20115 kernel: [    2.709493] fb: switching to nouveaufb from VESA VGA
Jan  2 21:37:46 srv20115 kernel: [    2.709550] Console: switching to colour dummy device 80x25
Jan  2 21:37:46 srv20115 kernel: [    2.709911] nouveau 0000:08:00.0: NVIDIA GK208B (b060b0b1)
Jan  2 21:37:46 srv20115 kernel: [    2.719141] input: HD-Audio Generic Front Mic as /devices/pci0000:00/0000:00:08.1/0000:0a:00.4/sound/card1/input5
Jan  2 21:37:46 srv20115 kernel: [    2.719180] input: HD-Audio Generic Rear Mic as /devices/pci0000:00/0000:00:08.1/0000:0a:00.4/sound/card1/input6
Jan  2 21:37:46 srv20115 kernel: [    2.719213] input: HD-Audio Generic Line as /devices/pci0000:00/0000:00:08.1/0000:0a:00.4/sound/card1/input7
Jan  2 21:37:46 srv20115 kernel: [    2.719257] input: HD-Audio Generic Line Out as /devices/pci0000:00/0000:00:08.1/0000:0a:00.4/sound/card1/input8
Jan  2 21:37:46 srv20115 kernel: [    2.719289] input: HD-Audio Generic Front Headphone as /devices/pci0000:00/0000:00:08.1/0000:0a:00.4/sound/card1/input9
Jan  2 21:37:46 srv20115 kernel: [    2.751841] kvm: Nested Virtualization enabled
Jan  2 21:37:46 srv20115 kernel: [    2.751847] kvm: Nested Paging enabled
Jan  2 21:37:46 srv20115 kernel: [    2.751848] SVM: Virtual VMLOAD VMSAVE supported
Jan  2 21:37:46 srv20115 kernel: [    2.751848] SVM: Virtual GIF supported
Jan  2 21:37:46 srv20115 kernel: [    2.753388] MCE: In-kernel MCE decoding enabled.
Jan  2 21:37:46 srv20115 kernel: [    2.754672] EDAC amd64: Node 0: DRAM ECC disabled.
Jan  2 21:37:46 srv20115 kernel: [    2.754673] EDAC amd64: ECC disabled in the BIOS or no ECC capability, module will not load.
Jan  2 21:37:46 srv20115 kernel: [    2.754673]  Either enable ECC checking or force module loading by setting 'ecc_enable_override'.
Jan  2 21:37:46 srv20115 kernel: [    2.754673]  (Note that use of the override may cause unknown side effects.)
Jan  2 21:37:46 srv20115 kernel: [    2.820727] nouveau 0000:08:00.0: bios: version 80.28.a6.00.5f
Jan  2 21:37:46 srv20115 kernel: [    2.821468] nouveau 0000:08:00.0: fb: 2048 MiB DDR3
Jan  2 21:37:46 srv20115 kernel: [    2.879510] EXT4-fs (nvme0n1p3): mounted filesystem with ordered data mode. Opts: (null)
Jan  2 21:37:46 srv20115 kernel: [    2.908312] EDAC amd64: Node 0: DRAM ECC disabled.
Jan  2 21:37:46 srv20115 kernel: [    2.908313] EDAC amd64: ECC disabled in the BIOS or no ECC capability, module will not load.
Jan  2 21:37:46 srv20115 kernel: [    2.908313]  Either enable ECC checking or force module loading by setting 'ecc_enable_override'.
Jan  2 21:37:46 srv20115 kernel: [    2.908313]  (Note that use of the override may cause unknown side effects.)
Jan  2 21:37:46 srv20115 kernel: [    2.952981] audit: type=1400 audit(1609619866.744:2): apparmor="STATUS" operation="profile_load" profile="unconfined" name="/usr/sbin/tcpdump" pid=637 comm="apparmor_parser"
Jan  2 21:37:46 srv20115 kernel: [    2.992317] audit: type=1400 audit(1609619866.784:3): apparmor="STATUS" operation="profile_load" profile="unconfined" name="/sbin/dhclient" pid=640 comm="apparmor_parser"
Jan  2 21:37:46 srv20115 kernel: [    2.992487] audit: type=1400 audit(1609619866.784:4): apparmor="STATUS" operation="profile_load" profile="unconfined" name="/usr/lib/NetworkManager/nm-dhcp-client.action" pid=640 comm="apparmor_parser"
Jan  2 21:37:46 srv20115 kernel: [    2.992650] audit: type=1400 audit(1609619866.784:5): apparmor="STATUS" operation="profile_load" profile="unconfined" name="/usr/lib/NetworkManager/nm-dhcp-helper" pid=640 comm="apparmor_parser"
Jan  2 21:37:46 srv20115 kernel: [    2.992804] audit: type=1400 audit(1609619866.784:6): apparmor="STATUS" operation="profile_load" profile="unconfined" name="/usr/lib/connman/scripts/dhclient-script" pid=640 comm="apparmor_parser"
Jan  2 21:37:46 srv20115 kernel: [    2.994625] audit: type=1400 audit(1609619866.784:7): apparmor="STATUS" operation="profile_load" profile="unconfined" name="/usr/bin/man" pid=636 comm="apparmor_parser"
Jan  2 21:37:46 srv20115 kernel: [    2.994756] audit: type=1400 audit(1609619866.784:8): apparmor="STATUS" operation="profile_load" profile="unconfined" name="man_filter" pid=636 comm="apparmor_parser"
Jan  2 21:37:46 srv20115 kernel: [    2.994901] audit: type=1400 audit(1609619866.784:9): apparmor="STATUS" operation="profile_load" profile="unconfined" name="man_groff" pid=636 comm="apparmor_parser"
Jan  2 21:37:46 srv20115 kernel: [    3.060427] EDAC amd64: Node 0: DRAM ECC disabled.
Jan  2 21:37:46 srv20115 kernel: [    3.060427] EDAC amd64: ECC disabled in the BIOS or no ECC capability, module will not load.
Jan  2 21:37:46 srv20115 kernel: [    3.060427]  Either enable ECC checking or force module loading by setting 'ecc_enable_override'.
Jan  2 21:37:46 srv20115 kernel: [    3.060427]  (Note that use of the override may cause unknown side effects.)
Jan  2 21:37:46 srv20115 kernel: [    3.188459] EDAC amd64: Node 0: DRAM ECC disabled.
Jan  2 21:37:46 srv20115 kernel: [    3.188460] EDAC amd64: ECC disabled in the BIOS or no ECC capability, module will not load.
Jan  2 21:37:46 srv20115 kernel: [    3.188460]  Either enable ECC checking or force module loading by setting 'ecc_enable_override'.
Jan  2 21:37:46 srv20115 kernel: [    3.188460]  (Note that use of the override may cause unknown side effects.)
Jan  2 21:37:47 srv20115 kernel: [    3.348340] EDAC amd64: Node 0: DRAM ECC disabled.
Jan  2 21:37:47 srv20115 kernel: [    3.348341] EDAC amd64: ECC disabled in the BIOS or no ECC capability, module will not load.
Jan  2 21:37:47 srv20115 kernel: [    3.348341]  Either enable ECC checking or force module loading by setting 'ecc_enable_override'.
Jan  2 21:37:47 srv20115 kernel: [    3.348341]  (Note that use of the override may cause unknown side effects.)
Jan  2 21:37:47 srv20115 kernel: [    3.388374] input: HDA NVidia HDMI/DP,pcm=3 as /devices/pci0000:00/0000:00:03.1/0000:08:00.1/sound/card0/input10
Jan  2 21:37:47 srv20115 kernel: [    3.388411] input: HDA NVidia HDMI/DP,pcm=7 as /devices/pci0000:00/0000:00:03.1/0000:08:00.1/sound/card0/input11
Jan  2 21:37:47 srv20115 kernel: [    3.512435] EDAC amd64: Node 0: DRAM ECC disabled.
Jan  2 21:37:47 srv20115 kernel: [    3.512436] EDAC amd64: ECC disabled in the BIOS or no ECC capability, module will not load.
Jan  2 21:37:47 srv20115 kernel: [    3.512436]  Either enable ECC checking or force module loading by setting 'ecc_enable_override'.
Jan  2 21:37:47 srv20115 kernel: [    3.512436]  (Note that use of the override may cause unknown side effects.)
Jan  2 21:37:47 srv20115 kernel: [    3.668483] EDAC amd64: Node 0: DRAM ECC disabled.
Jan  2 21:37:47 srv20115 kernel: [    3.668484] EDAC amd64: ECC disabled in the BIOS or no ECC capability, module will not load.
Jan  2 21:37:47 srv20115 kernel: [    3.668484]  Either enable ECC checking or force module loading by setting 'ecc_enable_override'.
Jan  2 21:37:47 srv20115 kernel: [    3.668484]  (Note that use of the override may cause unknown side effects.)
Jan  2 21:37:47 srv20115 kernel: [    3.844324] EDAC amd64: Node 0: DRAM ECC disabled.
Jan  2 21:37:47 srv20115 kernel: [    3.844325] EDAC amd64: ECC disabled in the BIOS or no ECC capability, module will not load.
Jan  2 21:37:47 srv20115 kernel: [    3.844325]  Either enable ECC checking or force module loading by setting 'ecc_enable_override'.
Jan  2 21:37:47 srv20115 kernel: [    3.844325]  (Note that use of the override may cause unknown side effects.)
Jan  2 21:37:47 srv20115 kernel: [    3.972657] EDAC amd64: Node 0: DRAM ECC disabled.
Jan  2 21:37:47 srv20115 kernel: [    3.972658] EDAC amd64: ECC disabled in the BIOS or no ECC capability, module will not load.
Jan  2 21:37:47 srv20115 kernel: [    3.972658]  Either enable ECC checking or force module loading by setting 'ecc_enable_override'.
Jan  2 21:37:47 srv20115 kernel: [    3.972658]  (Note that use of the override may cause unknown side effects.)
Jan  2 21:37:47 srv20115 kernel: [    4.116338] EDAC amd64: Node 0: DRAM ECC disabled.
Jan  2 21:37:47 srv20115 kernel: [    4.116339] EDAC amd64: ECC disabled in the BIOS or no ECC capability, module will not load.
Jan  2 21:37:47 srv20115 kernel: [    4.116339]  Either enable ECC checking or force module loading by setting 'ecc_enable_override'.
Jan  2 21:37:47 srv20115 kernel: [    4.116339]  (Note that use of the override may cause unknown side effects.)
Jan  2 21:37:47 srv20115 kernel: [    4.144587] [TTM] Zone  kernel: Available graphics memory: 32983488 kiB
Jan  2 21:37:47 srv20115 kernel: [    4.144588] [TTM] Zone   dma32: Available graphics memory: 2097152 kiB
Jan  2 21:37:47 srv20115 kernel: [    4.144589] [TTM] Initializing pool allocator
Jan  2 21:37:47 srv20115 kernel: [    4.144592] [TTM] Initializing DMA pool allocator
Jan  2 21:37:47 srv20115 kernel: [    4.144600] nouveau 0000:08:00.0: DRM: VRAM: 2048 MiB
Jan  2 21:37:47 srv20115 kernel: [    4.144600] nouveau 0000:08:00.0: DRM: GART: 1048576 MiB
Jan  2 21:37:47 srv20115 kernel: [    4.144603] nouveau 0000:08:00.0: DRM: TMDS table version 2.0
Jan  2 21:37:47 srv20115 kernel: [    4.144604] nouveau 0000:08:00.0: DRM: DCB version 4.0
Jan  2 21:37:47 srv20115 kernel: [    4.144605] nouveau 0000:08:00.0: DRM: DCB outp 00: 01000f02 00020030
